rc522.c:13:6:MFRC522_WriteRegister	16	static
rc522.c:19:9:MFRC522_ReadRegister	8	static
rc522.c:37:9:MFRC522_Compare	8	static
rc522.c:46:6:MFRC522_SetBitMask	16	static
rc522.c:51:6:MFRC522_ClearBitMask	16	static
rc522.c:68:9:MFRC522_ToCard	40	static
rc522.c:56:9:MFRC522_Request	32	static
rc522.c:132:9:MFRC522_Anticoll	32	static
rc522.c:151:6:MFRC522_CalculateCRC	24	static
rc522.c:175:9:MFRC522_SelectTag	32	static
rc522.c:192:9:MFRC522_Auth	32	static
rc522.c:209:9:MFRC522_Read	24	static
rc522.c:222:9:MFRC522_Write	48	static
rc522.c:257:6:MFRC522_Reset	0	static
rc522.c:262:6:MFRC522_AntennaOn	8	static
rc522.c:244:6:MFRC522_Init	8	static
rc522.c:270:6:MFRC522_AntennaOff	0	static
rc522.c:275:6:MFRC522_Halt	24	static
rc522.c:28:9:MFRC522_Check	16	static
