Archive member included to satisfy reference by file (symbol)

c:/program files (x86)/atollic/truestudio for stm32 9.3.0/armtools/bin/../lib/gcc/arm-atollic-eabi/6.3.1/../../../../arm-atollic-eabi/lib/armv7-m\libc_nano.a(lib_a-errno.o)
                              Application\TrueSTUDIO\syscalls.o (__errno)
c:/program files (x86)/atollic/truestudio for stm32 9.3.0/armtools/bin/../lib/gcc/arm-atollic-eabi/6.3.1/../../../../arm-atollic-eabi/lib/armv7-m\libc_nano.a(lib_a-impure.o)
                              c:/program files (x86)/atollic/truestudio for stm32 9.3.0/armtools/bin/../lib/gcc/arm-atollic-eabi/6.3.1/../../../../arm-atollic-eabi/lib/armv7-m\libc_nano.a(lib_a-errno.o) (_impure_ptr)
c:/program files (x86)/atollic/truestudio for stm32 9.3.0/armtools/bin/../lib/gcc/arm-atollic-eabi/6.3.1/../../../../arm-atollic-eabi/lib/armv7-m\libc_nano.a(lib_a-init.o)
                              Application\TrueSTUDIO\startup_stm32f103xb.o (__libc_init_array)
c:/program files (x86)/atollic/truestudio for stm32 9.3.0/armtools/bin/../lib/gcc/arm-atollic-eabi/6.3.1/../../../../arm-atollic-eabi/lib/armv7-m\libc_nano.a(lib_a-malloc.o)
                              External_Library\Auto_Parking\auto_parking.o (malloc)
c:/program files (x86)/atollic/truestudio for stm32 9.3.0/armtools/bin/../lib/gcc/arm-atollic-eabi/6.3.1/../../../../arm-atollic-eabi/lib/armv7-m\libc_nano.a(lib_a-memcmp.o)
                              Application\User\main.o (memcmp)
c:/program files (x86)/atollic/truestudio for stm32 9.3.0/armtools/bin/../lib/gcc/arm-atollic-eabi/6.3.1/../../../../arm-atollic-eabi/lib/armv7-m\libc_nano.a(lib_a-memset.o)
                              Application\User\main.o (memset)
c:/program files (x86)/atollic/truestudio for stm32 9.3.0/armtools/bin/../lib/gcc/arm-atollic-eabi/6.3.1/../../../../arm-atollic-eabi/lib/armv7-m\libc_nano.a(lib_a-nano-freer.o)
                              c:/program files (x86)/atollic/truestudio for stm32 9.3.0/armtools/bin/../lib/gcc/arm-atollic-eabi/6.3.1/../../../../arm-atollic-eabi/lib/armv7-m\libc_nano.a(lib_a-malloc.o) (_free_r)
c:/program files (x86)/atollic/truestudio for stm32 9.3.0/armtools/bin/../lib/gcc/arm-atollic-eabi/6.3.1/../../../../arm-atollic-eabi/lib/armv7-m\libc_nano.a(lib_a-nano-mallocr.o)
                              c:/program files (x86)/atollic/truestudio for stm32 9.3.0/armtools/bin/../lib/gcc/arm-atollic-eabi/6.3.1/../../../../arm-atollic-eabi/lib/armv7-m\libc_nano.a(lib_a-malloc.o) (_malloc_r)
c:/program files (x86)/atollic/truestudio for stm32 9.3.0/armtools/bin/../lib/gcc/arm-atollic-eabi/6.3.1/../../../../arm-atollic-eabi/lib/armv7-m\libc_nano.a(lib_a-sbrkr.o)
                              c:/program files (x86)/atollic/truestudio for stm32 9.3.0/armtools/bin/../lib/gcc/arm-atollic-eabi/6.3.1/../../../../arm-atollic-eabi/lib/armv7-m\libc_nano.a(lib_a-nano-mallocr.o) (_sbrk_r)
c:/program files (x86)/atollic/truestudio for stm32 9.3.0/armtools/bin/../lib/gcc/arm-atollic-eabi/6.3.1/../../../../arm-atollic-eabi/lib/armv7-m\libc_nano.a(lib_a-mlock.o)
                              c:/program files (x86)/atollic/truestudio for stm32 9.3.0/armtools/bin/../lib/gcc/arm-atollic-eabi/6.3.1/../../../../arm-atollic-eabi/lib/armv7-m\libc_nano.a(lib_a-nano-freer.o) (__malloc_lock)
c:/program files (x86)/atollic/truestudio for stm32 9.3.0/armtools/bin/../lib/gcc/arm-atollic-eabi/6.3.1/../../../../arm-atollic-eabi/lib/armv7-m\libc_nano.a(lib_a-reent.o)
                              c:/program files (x86)/atollic/truestudio for stm32 9.3.0/armtools/bin/../lib/gcc/arm-atollic-eabi/6.3.1/../../../../arm-atollic-eabi/lib/armv7-m\libc_nano.a(lib_a-sbrkr.o) (errno)
c:/program files (x86)/atollic/truestudio for stm32 9.3.0/armtools/bin/../lib/gcc/arm-atollic-eabi/6.3.1/armv7-m\libgcc.a(_lshrdi3.o)
                              Drivers\STM32F1xx_HAL_Driver\stm32f1xx_hal_flash.o (__aeabi_llsr)

Allocating common symbols
Common symbol       size              file

node_base           0x4               Application\User\main.o
errno               0x4               c:/program files (x86)/atollic/truestudio for stm32 9.3.0/armtools/bin/../lib/gcc/arm-atollic-eabi/6.3.1/../../../../arm-atollic-eabi/lib/armv7-m\libc_nano.a(lib_a-reent.o)
card_id             0x5               Application\User\main.o
node_2              0x4               Application\User\main.o
uwTick              0x4               Drivers\STM32F1xx_HAL_Driver\stm32f1xx_hal.o
pFlash              0x20              Drivers\STM32F1xx_HAL_Driver\stm32f1xx_hal_flash.o
node_5              0x4               Application\User\main.o
node_3              0x4               Application\User\main.o
node_4              0x4               Application\User\main.o
node_1              0x4               Application\User\main.o

Discarded input sections

 .text          0x00000000        0x0 c:/program files (x86)/atollic/truestudio for stm32 9.3.0/armtools/bin/../lib/gcc/arm-atollic-eabi/6.3.1/armv7-m/crti.o
[...]
Memory Configuration

Name             Origin             Length             Attributes
RAM              0x20000000         0x00005000         xrw
FLASH            0x08000000         0x00010000         xr
*default*        0x00000000         0xffffffff

Linker script and memory map

LOAD c:/program files (x86)/atollic/truestudio for stm32 9.3.0/armtools/bin/../lib/gcc/arm-atollic-eabi/6.3.1/armv7-m/crti.o
LOAD c:/program files (x86)/atollic/truestudio for stm32 9.3.0/armtools/bin/../lib/gcc/arm-atollic-eabi/6.3.1/armv7-m/crtbegin.o
LOAD Application\TrueSTUDIO\startup_stm32f103xb.o
LOAD Application\TrueSTUDIO\syscalls.o
LOAD Application\User\main.o
LOAD Application\User\stm32f1xx_hal_msp.o
LOAD Application\User\stm32f1xx_it.o
LOAD Drivers\CMSIS\system_stm32f1xx.o
LOAD Drivers\STM32F1xx_HAL_Driver\stm32f1xx_hal.o
LOAD Drivers\STM32F1xx_HAL_Driver\stm32f1xx_hal_adc.o
LOAD Drivers\STM32F1xx_HAL_Driver\stm32f1xx_hal_adc_ex.o
LOAD Drivers\STM32F1xx_HAL_Driver\stm32f1xx_hal_cortex.o
LOAD Drivers\STM32F1xx_HAL_Driver\stm32f1xx_hal_dma.o
LOAD Drivers\STM32F1xx_HAL_Driver\stm32f1xx_hal_exti.o
LOAD Drivers\STM32F1xx_HAL_Driver\stm32f1xx_hal_flash.o
LOAD Drivers\STM32F1xx_HAL_Driver\stm32f1xx_hal_flash_ex.o
LOAD Drivers\STM32F1xx_HAL_Driver\stm32f1xx_hal_gpio.o
LOAD Drivers\STM32F1xx_HAL_Driver\stm32f1xx_hal_gpio_ex.o
LOAD Drivers\STM32F1xx_HAL_Driver\stm32f1xx_hal_i2c.o
LOAD Drivers\STM32F1xx_HAL_Driver\stm32f1xx_hal_pwr.o
LOAD Drivers\STM32F1xx_HAL_Driver\stm32f1xx_hal_rcc.o
LOAD Drivers\STM32F1xx_HAL_Driver\stm32f1xx_hal_rcc_ex.o
LOAD Drivers\STM32F1xx_HAL_Driver\stm32f1xx_hal_spi.o
LOAD Drivers\STM32F1xx_HAL_Driver\stm32f1xx_hal_tim.o
LOAD Drivers\STM32F1xx_HAL_Driver\stm32f1xx_hal_tim_ex.o
LOAD External_Library\Auto_Parking\auto_parking.o
LOAD External_Library\door_motor\door_motor.o
LOAD External_Library\gpio_dev\gpio_dev.o
LOAD External_Library\i2c_dev\i2c_dev.o
LOAD External_Library\lcd_i2c\lcd_i2c.o
LOAD External_Library\rc522_rfid\rcc522.o
LOAD External_Library\spi_dev\spi_dev.o
LOAD External_Library\stepper_motor_ctrl\stepper_ctrl.o
                0x00000080                malloc_getpagesize_P = 0x80
START GROUP
LOAD c:/program files (x86)/atollic/truestudio for stm32 9.3.0/armtools/bin/../lib/gcc/arm-atollic-eabi/6.3.1/../../../../arm-atollic-eabi/lib/armv7-m\libc_nano.a
LOAD c:/program files (x86)/atollic/truestudio for stm32 9.3.0/armtools/bin/../lib/gcc/arm-atollic-eabi/6.3.1/../../../../arm-atollic-eabi/lib/armv7-m\libm.a
END GROUP
START GROUP
LOAD c:/program files (x86)/atollic/truestudio for stm32 9.3.0/armtools/bin/../lib/gcc/arm-atollic-eabi/6.3.1/armv7-m\libgcc.a
LOAD c:/program files (x86)/atollic/truestudio for stm32 9.3.0/armtools/bin/../lib/gcc/arm-atollic-eabi/6.3.1/../../../../arm-atollic-eabi/lib/armv7-m\libc_nano.a
END GROUP
START GROUP
LOAD c:/program files (x86)/atollic/truestudio for stm32 9.3.0/armtools/bin/../lib/gcc/arm-atollic-eabi/6.3.1/armv7-m\libgcc.a
LOAD c:/program files (x86)/atollic/truestudio for stm32 9.3.0/armtools/bin/../lib/gcc/arm-atollic-eabi/6.3.1/../../../../arm-atollic-eabi/lib/armv7-m\libc_nano.a
LOAD c:/program files (x86)/atollic/truestudio for stm32 9.3.0/armtools/bin/../lib/gcc/arm-atollic-eabi/6.3.1/../../../../arm-atollic-eabi/lib/armv7-m\libnosys.a
END GROUP
START GROUP
LOAD c:/program files (x86)/atollic/truestudio for stm32 9.3.0/armtools/bin/../lib/gcc/arm-atollic-eabi/6.3.1/armv7-m\libgcc.a
LOAD c:/program files (x86)/atollic/truestudio for stm32 9.3.0/armtools/bin/../lib/gcc/arm-atollic-eabi/6.3.1/../../../../arm-atollic-eabi/lib/armv7-m\libc_nano.a
LOAD c:/program files (x86)/atollic/truestudio for stm32 9.3.0/armtools/bin/../lib/gcc/arm-atollic-eabi/6.3.1/../../../../arm-atollic-eabi/lib/armv7-m\libnosys.a
END GROUP
LOAD c:/program files (x86)/atollic/truestudio for stm32 9.3.0/armtools/bin/../lib/gcc/arm-atollic-eabi/6.3.1/armv7-m/crtend.o
LOAD c:/program files (x86)/atollic/truestudio for stm32 9.3.0/armtools/bin/../lib/gcc/arm-atollic-eabi/6.3.1/armv7-m/crtn.o
                0x20005000                _estack = 0x20005000
                0x00000200                _Min_Heap_Size = 0x200
                0x00000400                _Min_Stack_Size = 0x400

.isr_vector     0x08000000      0x10c
                0x08000000                . = ALIGN (0x4)
 *(.isr_vector)
 .isr_vector    0x08000000      0x10c Application\TrueSTUDIO\startup_stm32f103xb.o
                0x08000000                g_pfnVectors
                0x0800010c                . = ALIGN (0x4)

.text           0x0800010c     0x2040
                0x0800010c                . = ALIGN (0x4)
 *(.text)
 .text          0x0800010c       0x40 c:/program files (x86)/atollic/truestudio for stm32 9.3.0/armtools/bin/../lib/gcc/arm-atollic-eabi/6.3.1/armv7-m/crtbegin.o
 *(.text*)
 .text.Reset_Handler
                0x0800014c       0x48 Application\TrueSTUDIO\startup_stm32f103xb.o
                0x0800014c                Reset_Handler
 .text.Default_Handler
                0x08000194        0x2 Application\TrueSTUDIO\startup_stm32f103xb.o
                0x08000194                RTC_Alarm_IRQHandler
                0x08000194                EXTI2_IRQHandler
                0x08000194                TIM1_CC_IRQHandler
                0x08000194                PVD_IRQHandler
                0x08000194                EXTI3_IRQHandler
                0x08000194                EXTI0_IRQHandler
                0x08000194                I2C2_EV_IRQHandler
                0x08000194                ADC1_2_IRQHandler
                0x08000194                SPI1_IRQHandler
                0x08000194                TAMPER_IRQHandler
                0x08000194                DMA1_Channel4_IRQHandler
                0x08000194                USART3_IRQHandler
                0x08000194                RTC_IRQHandler
                0x08000194                DMA1_Channel7_IRQHandler
                0x08000194                CAN1_RX1_IRQHandler
                0x08000194                TIM4_IRQHandler
                0x08000194                I2C1_EV_IRQHandler
                0x08000194                DMA1_Channel6_IRQHandler
                0x08000194                TIM3_IRQHandler
                0x08000194                RCC_IRQHandler
                0x08000194                TIM1_TRG_COM_IRQHandler
                0x08000194                DMA1_Channel1_IRQHandler
                0x08000194                Default_Handler
                0x08000194                EXTI15_10_IRQHandler
                0x08000194                EXTI9_5_IRQHandler
                0x08000194                SPI2_IRQHandler
                0x08000194                DMA1_Channel5_IRQHandler
                0x08000194                EXTI4_IRQHandler
                0x08000194                USB_LP_CAN1_RX0_IRQHandler
                0x08000194                USB_HP_CAN1_TX_IRQHandler
                0x08000194                DMA1_Channel3_IRQHandler
                0x08000194                TIM1_UP_IRQHandler
                0x08000194                WWDG_IRQHandler
                0x08000194                TIM2_IRQHandler
                0x08000194                TIM1_BRK_IRQHandler
                0x08000194                EXTI1_IRQHandler
                0x08000194                USART2_IRQHandler
                0x08000194                I2C2_ER_IRQHandler
                0x08000194                DMA1_Channel2_IRQHandler
                0x08000194                CAN1_SCE_IRQHandler
                0x08000194                FLASH_IRQHandler
                0x08000194                USART1_IRQHandler
                0x08000194                I2C1_ER_IRQHandler
                0x08000194                USBWakeUp_IRQHandler
 *fill*         0x08000196        0x2 
 .text._sbrk    0x08000198       0x34 Application\TrueSTUDIO\syscalls.o
                0x08000198                _sbrk
 .text.CHECK_CARD_ID
                0x080001cc      0x120 Application\User\main.o
                0x080001cc                CHECK_CARD_ID
 .text.SystemClock_Config
                0x080002ec       0x70 Application\User\main.o
                0x080002ec                SystemClock_Config
 .text.startup.main
                0x0800035c       0x70 Application\User\main.o
                0x0800035c                main
 .text.Error_Handler
                0x080003cc        0x2 Application\User\main.o
                0x080003cc                Error_Handler
 *fill*         0x080003ce        0x2 
 .text.HAL_I2C_MspInit
                0x080003d0       0x64 Application\User\stm32f1xx_hal_msp.o
                0x080003d0                HAL_I2C_MspInit
 .text.HAL_SPI_MspInit
                0x08000434       0x74 Application\User\stm32f1xx_hal_msp.o
                0x08000434                HAL_SPI_MspInit
 .text.NMI_Handler
                0x080004a8        0x2 Application\User\stm32f1xx_it.o
                0x080004a8                NMI_Handler
 .text.HardFault_Handler
                0x080004aa        0x2 Application\User\stm32f1xx_it.o
                0x080004aa                HardFault_Handler
 .text.MemManage_Handler
                0x080004ac        0x2 Application\User\stm32f1xx_it.o
                0x080004ac                MemManage_Handler
 .text.BusFault_Handler
                0x080004ae        0x2 Application\User\stm32f1xx_it.o
                0x080004ae                BusFault_Handler
 .text.UsageFault_Handler
                0x080004b0        0x2 Application\User\stm32f1xx_it.o
                0x080004b0                UsageFault_Handler
 .text.SVC_Handler
                0x080004b2        0x2 Application\User\stm32f1xx_it.o
                0x080004b2                SVC_Handler
 .text.DebugMon_Handler
                0x080004b4        0x2 Application\User\stm32f1xx_it.o
                0x080004b4                DebugMon_Handler
 .text.PendSV_Handler
                0x080004b6        0x2 Application\User\stm32f1xx_it.o
                0x080004b6                PendSV_Handler
 .text.SysTick_Handler
                0x080004b8        0x4 Application\User\stm32f1xx_it.o
                0x080004b8                SysTick_Handler
 .text.SystemInit
                0x080004bc       0x4c Drivers\CMSIS\system_stm32f1xx.o
                0x080004bc                SystemInit
 .text.HAL_InitTick
                0x08000508       0x48 Drivers\STM32F1xx_HAL_Driver\stm32f1xx_hal.o
                0x08000508                HAL_InitTick
 .text.HAL_IncTick
                0x08000550       0x18 Drivers\STM32F1xx_HAL_Driver\stm32f1xx_hal.o
                0x08000550                HAL_IncTick
 .text.HAL_GetTick
                0x08000568        0xc Drivers\STM32F1xx_HAL_Driver\stm32f1xx_hal.o
                0x08000568                HAL_GetTick
 .text.HAL_Delay
                0x08000574       0x24 Drivers\STM32F1xx_HAL_Driver\stm32f1xx_hal.o
                0x08000574                HAL_Delay
 .text.HAL_NVIC_SetPriority
                0x08000598       0x68 Drivers\STM32F1xx_HAL_Driver\stm32f1xx_hal_cortex.o
                0x08000598                HAL_NVIC_SetPriority
 .text.HAL_SYSTICK_Config
                0x08000600       0x2c Drivers\STM32F1xx_HAL_Driver\stm32f1xx_hal_cortex.o
                0x08000600                HAL_SYSTICK_Config
 .text.HAL_GPIO_Init
                0x0800062c      0x1c4 Drivers\STM32F1xx_HAL_Driver\stm32f1xx_hal_gpio.o
                0x0800062c                HAL_GPIO_Init
 .text.HAL_GPIO_WritePin
                0x080007f0        0xa Drivers\STM32F1xx_HAL_Driver\stm32f1xx_hal_gpio.o
                0x080007f0                HAL_GPIO_WritePin
 .text.I2C_IsAcknowledgeFailed
                0x080007fa       0x32 Drivers\STM32F1xx_HAL_Driver\stm32f1xx_hal_i2c.o
 .text.I2C_WaitOnMasterAddressFlagUntilTimeout
                0x0800082c       0x8a Drivers\STM32F1xx_HAL_Driver\stm32f1xx_hal_i2c.o
 .text.I2C_WaitOnBTFFlagUntilTimeout
                0x080008b6       0x4c Drivers\STM32F1xx_HAL_Driver\stm32f1xx_hal_i2c.o
 .text.I2C_WaitOnFlagUntilTimeout
                0x08000902       0x64 Drivers\STM32F1xx_HAL_Driver\stm32f1xx_hal_i2c.o
 .text.I2C_WaitOnTXEFlagUntilTimeout
                0x08000966       0x4c Drivers\STM32F1xx_HAL_Driver\stm32f1xx_hal_i2c.o
 *fill*         0x080009b2        0x2 
 .text.HAL_I2C_Init
                0x080009b4      0x148 Drivers\STM32F1xx_HAL_Driver\stm32f1xx_hal_i2c.o
                0x080009b4                HAL_I2C_Init
 .text.HAL_I2C_Master_Transmit
                0x08000afc      0x19c Drivers\STM32F1xx_HAL_Driver\stm32f1xx_hal_i2c.o
                0x08000afc                HAL_I2C_Master_Transmit
 .text.HAL_RCC_OscConfig
                0x08000c98      0x33c Drivers\STM32F1xx_HAL_Driver\stm32f1xx_hal_rcc.o
                0x08000c98                HAL_RCC_OscConfig
 .text.HAL_RCC_GetSysClockFreq
                0x08000fd4       0x78 Drivers\STM32F1xx_HAL_Driver\stm32f1xx_hal_rcc.o
                0x08000fd4                HAL_RCC_GetSysClockFreq
 .text.HAL_RCC_ClockConfig
                0x0800104c      0x13c Drivers\STM32F1xx_HAL_Driver\stm32f1xx_hal_rcc.o
                0x0800104c                HAL_RCC_ClockConfig
 .text.HAL_RCC_GetPCLK1Freq
                0x08001188       0x20 Drivers\STM32F1xx_HAL_Driver\stm32f1xx_hal_rcc.o
                0x08001188                HAL_RCC_GetPCLK1Freq
 .text.HAL_RCCEx_PeriphCLKConfig
                0x080011a8       0xf0 Drivers\STM32F1xx_HAL_Driver\stm32f1xx_hal_rcc_ex.o
                0x080011a8                HAL_RCCEx_PeriphCLKConfig
 .text.SPI_WaitFlagStateUntilTimeout.constprop.8
                0x08001298       0x76 Drivers\STM32F1xx_HAL_Driver\stm32f1xx_hal_spi.o
 .text.SPI_EndRxTxTransaction
                0x0800130e       0x1c Drivers\STM32F1xx_HAL_Driver\stm32f1xx_hal_spi.o
 .text.HAL_SPI_Init
                0x0800132a       0x76 Drivers\STM32F1xx_HAL_Driver\stm32f1xx_hal_spi.o
                0x0800132a                HAL_SPI_Init
 .text.HAL_SPI_TransmitReceive
                0x080013a0      0x1e0 Drivers\STM32F1xx_HAL_Driver\stm32f1xx_hal_spi.o
                0x080013a0                HAL_SPI_TransmitReceive
 .text.NODE_init_node
                0x08001580       0x26 External_Library\Auto_Parking\auto_parking.o
                0x08001580                NODE_init_node
 *fill*         0x080015a6        0x2 
 .text.NODE_init
                0x080015a8       0xac External_Library\Auto_Parking\auto_parking.o
                0x080015a8                NODE_init
 .text.NODE_scan_empty
                0x08001654       0x76 External_Library\Auto_Parking\auto_parking.o
                0x08001654                NODE_scan_empty
 .text.NODE_scan_car
                0x080016ca       0xa2 External_Library\Auto_Parking\auto_parking.o
                0x080016ca                NODE_scan_car
 .text.NODE_park_car
                0x0800176c       0x1e External_Library\Auto_Parking\auto_parking.o
                0x0800176c                NODE_park_car
 *fill*         0x0800178a        0x2 
 .text.NODE_parking_car_proc
                0x0800178c       0x40 External_Library\Auto_Parking\auto_parking.o
                0x0800178c                NODE_parking_car_proc
 .text.NODE_taking_car_proc
                0x080017cc       0x40 External_Library\Auto_Parking\auto_parking.o
                0x080017cc                NODE_taking_car_proc
 .text.action_motor
                0x0800180c       0x68 External_Library\door_motor\door_motor.o
                0x0800180c                action_motor
 .text.GPIO_Init
                0x08001874      0x134 External_Library\gpio_dev\gpio_dev.o
                0x08001874                GPIO_Init
 .text.I2C_init
                0x080019a8       0x40 External_Library\i2c_dev\i2c_dev.o
                0x080019a8                I2C_init
 .text.I2C_send_data
                0x080019e8       0x1c External_Library\i2c_dev\i2c_dev.o
                0x080019e8                I2C_send_data
 .text.lcd_send_cmd
                0x08001a04       0x3c External_Library\lcd_i2c\lcd_i2c.o
                0x08001a04                lcd_send_cmd
 .text.lcd_send_data
                0x08001a40       0x3c External_Library\lcd_i2c\lcd_i2c.o
                0x08001a40                lcd_send_data
 .text.lcd_init
                0x08001a7c       0x64 External_Library\lcd_i2c\lcd_i2c.o
                0x08001a7c                lcd_init
 .text.lcd_send_string
                0x08001ae0       0x12 External_Library\lcd_i2c\lcd_i2c.o
                0x08001ae0                lcd_send_string
 .text.lcd_goto_XY
                0x08001af2       0x18 External_Library\lcd_i2c\lcd_i2c.o
                0x08001af2                lcd_goto_XY
 .text.MFRC522_WriteRegister
                0x08001b0a        0xa External_Library\rc522_rfid\rcc522.o
                0x08001b0a                MFRC522_WriteRegister
 .text.MFRC522_ReadRegister
                0x08001b14        0xe External_Library\rc522_rfid\rcc522.o
                0x08001b14                MFRC522_ReadRegister
 .text.MFRC522_SetBitMask
                0x08001b22       0x1a External_Library\rc522_rfid\rcc522.o
                0x08001b22                MFRC522_SetBitMask
 .text.MFRC522_ClearBitMask
                0x08001b3c       0x1a External_Library\rc522_rfid\rcc522.o
                0x08001b3c                MFRC522_ClearBitMask
 .text.MFRC522_ToCard
                0x08001b56      0x112 External_Library\rc522_rfid\rcc522.o
                0x08001b56                MFRC522_ToCard
 .text.MFRC522_Request
                0x08001c68       0x38 External_Library\rc522_rfid\rcc522.o
                0x08001c68                MFRC522_Request
 .text.MFRC522_Anticoll
                0x08001ca0       0x48 External_Library\rc522_rfid\rcc522.o
                0x08001ca0                MFRC522_Anticoll
 .text.MFRC522_CalculateCRC
                0x08001ce8       0x5c External_Library\rc522_rfid\rcc522.o
                0x08001ce8                MFRC522_CalculateCRC
 .text.MFRC522_Reset
                0x08001d44        0x8 External_Library\rc522_rfid\rcc522.o
                0x08001d44                MFRC522_Reset
 .text.MFRC522_AntennaOn
                0x08001d4c       0x1a External_Library\rc522_rfid\rcc522.o
                0x08001d4c                MFRC522_AntennaOn
 .text.MFRC522_Init
                0x08001d66       0x50 External_Library\rc522_rfid\rcc522.o
                0x08001d66                MFRC522_Init
 .text.MFRC522_Halt
                0x08001db6       0x32 External_Library\rc522_rfid\rcc522.o
                0x08001db6                MFRC522_Halt
 .text.MFRC522_Check
                0x08001de8       0x20 External_Library\rc522_rfid\rcc522.o
                0x08001de8                MFRC522_Check
 .text.SPI_INIT_project
                0x08001e08       0x44 External_Library\spi_dev\spi_dev.o
                0x08001e08                SPI_INIT_project
 .text.SPI_send_byte
                0x08001e4c       0x24 External_Library\spi_dev\spi_dev.o
                0x08001e4c                SPI_send_byte
 .text.SPI_write_reg
                0x08001e70       0x30 External_Library\spi_dev\spi_dev.o
                0x08001e70                SPI_write_reg
 .text.SPI_read_reg
                0x08001ea0       0x30 External_Library\spi_dev\spi_dev.o
                0x08001ea0                SPI_read_reg
 .text.rotate_motor
                0x08001ed0       0x48 External_Library\stepper_motor_ctrl\stepper_ctrl.o
                0x08001ed0                rotate_motor
 .text.__errno  0x08001f18        0xc c:/program files (x86)/atollic/truestudio for stm32 9.3.0/armtools/bin/../lib/gcc/arm-atollic-eabi/6.3.1/../../../../arm-atollic-eabi/lib/armv7-m\libc_nano.a(lib_a-errno.o)
                0x08001f18                __errno
 .text.__libc_init_array
                0x08001f24       0x48 c:/program files (x86)/atollic/truestudio for stm32 9.3.0/armtools/bin/../lib/gcc/arm-atollic-eabi/6.3.1/../../../../arm-atollic-eabi/lib/armv7-m\libc_nano.a(lib_a-init.o)
                0x08001f24                __libc_init_array
 .text.malloc   0x08001f6c       0x10 c:/program files (x86)/atollic/truestudio for stm32 9.3.0/armtools/bin/../lib/gcc/arm-atollic-eabi/6.3.1/../../../../arm-atollic-eabi/lib/armv7-m\libc_nano.a(lib_a-malloc.o)
                0x08001f6c                malloc
 .text.free     0x08001f7c       0x10 c:/program files (x86)/atollic/truestudio for stm32 9.3.0/armtools/bin/../lib/gcc/arm-atollic-eabi/6.3.1/../../../../arm-atollic-eabi/lib/armv7-m\libc_nano.a(lib_a-malloc.o)
                0x08001f7c                free
 .text.memcmp   0x08001f8c       0x1e c:/program files (x86)/atollic/truestudio for stm32 9.3.0/armtools/bin/../lib/gcc/arm-atollic-eabi/6.3.1/../../../../arm-atollic-eabi/lib/armv7-m\libc_nano.a(lib_a-memcmp.o)
                0x08001f8c                memcmp
 .text.memset   0x08001faa       0x10 c:/program files (x86)/atollic/truestudio for stm32 9.3.0/armtools/bin/../lib/gcc/arm-atollic-eabi/6.3.1/../../../../arm-atollic-eabi/lib/armv7-m\libc_nano.a(lib_a-memset.o)
                0x08001faa                memset
 *fill*         0x08001fba        0x2 
 .text._free_r  0x08001fbc       0x98 c:/program files (x86)/atollic/truestudio for stm32 9.3.0/armtools/bin/../lib/gcc/arm-atollic-eabi/6.3.1/../../../../arm-atollic-eabi/lib/armv7-m\libc_nano.a(lib_a-nano-freer.o)
                0x08001fbc                _free_r
 .text._malloc_r
                0x08002054       0xbc c:/program files (x86)/atollic/truestudio for stm32 9.3.0/armtools/bin/../lib/gcc/arm-atollic-eabi/6.3.1/../../../../arm-atollic-eabi/lib/armv7-m\libc_nano.a(lib_a-nano-mallocr.o)
                0x08002054                _malloc_r
 .text._sbrk_r  0x08002110       0x20 c:/program files (x86)/atollic/truestudio for stm32 9.3.0/armtools/bin/../lib/gcc/arm-atollic-eabi/6.3.1/../../../../arm-atollic-eabi/lib/armv7-m\libc_nano.a(lib_a-sbrkr.o)
                0x08002110                _sbrk_r
 .text.__malloc_lock
                0x08002130        0x2 c:/program files (x86)/atollic/truestudio for stm32 9.3.0/armtools/bin/../lib/gcc/arm-atollic-eabi/6.3.1/../../../../arm-atollic-eabi/lib/armv7-m\libc_nano.a(lib_a-mlock.o)
                0x08002130                __malloc_lock
 .text.__malloc_unlock
                0x08002132        0x2 c:/program files (x86)/atollic/truestudio for stm32 9.3.0/armtools/bin/../lib/gcc/arm-atollic-eabi/6.3.1/../../../../arm-atollic-eabi/lib/armv7-m\libc_nano.a(lib_a-mlock.o)
                0x08002132                __malloc_unlock
 *(.glue_7)
 .glue_7        0x08002134        0x0 linker stubs
 *(.glue_7t)
 .glue_7t       0x08002134        0x0 linker stubs
 *(.eh_frame)
 .eh_frame      0x08002134        0x0 c:/program files (x86)/atollic/truestudio for stm32 9.3.0/armtools/bin/../lib/gcc/arm-atollic-eabi/6.3.1/armv7-m/crtbegin.o
 *(.init)
 .init          0x08002134        0x4 c:/program files (x86)/atollic/truestudio for stm32 9.3.0/armtools/bin/../lib/gcc/arm-atollic-eabi/6.3.1/armv7-m/crti.o
                0x08002134                _init
 .init          0x08002138        0x8 c:/program files (x86)/atollic/truestudio for stm32 9.3.0/armtools/bin/../lib/gcc/arm-atollic-eabi/6.3.1/armv7-m/crtn.o
 *(.fini)
 .fini          0x08002140        0x4 c:/program files (x86)/atollic/truestudio for stm32 9.3.0/armtools/bin/../lib/gcc/arm-atollic-eabi/6.3.1/armv7-m/crti.o
                0x08002140                _fini
 .fini          0x08002144        0x8 c:/program files (x86)/atollic/truestudio for stm32 9.3.0/armtools/bin/../lib/gcc/arm-atollic-eabi/6.3.1/armv7-m/crtn.o
                0x0800214c                . = ALIGN (0x4)
                0x0800214c                _etext = .

.vfp11_veneer   0x0800214c        0x0
 .vfp11_veneer  0x0800214c        0x0 linker stubs

.v4_bx          0x0800214c        0x0
 .v4_bx         0x0800214c        0x0 linker stubs

.iplt           0x0800214c        0x0
 .iplt          0x0800214c        0x0 c:/program files (x86)/atollic/truestudio for stm32 9.3.0/armtools/bin/../lib/gcc/arm-atollic-eabi/6.3.1/armv7-m/crtbegin.o

.rodata         0x0800214c       0x30
                0x0800214c                . = ALIGN (0x4)
 *(.rodata)
 .rodata        0x0800214c       0x10 Drivers\STM32F1xx_HAL_Driver\stm32f1xx_hal_rcc.o
 *(.rodata*)
 .rodata.main.str1.1
                0x0800215c        0x6 Application\User\main.o
 .rodata.AHBPrescTable
                0x08002162       0x10 Drivers\CMSIS\system_stm32f1xx.o
                0x08002162                AHBPrescTable
 .rodata.APBPrescTable
                0x08002172        0x8 Drivers\CMSIS\system_stm32f1xx.o
                0x08002172                APBPrescTable
                0x0800217c                . = ALIGN (0x4)
 *fill*         0x0800217a        0x2 

.rel.dyn        0x0800217c        0x0
 .rel.iplt      0x0800217c        0x0 c:/program files (x86)/atollic/truestudio for stm32 9.3.0/armtools/bin/../lib/gcc/arm-atollic-eabi/6.3.1/armv7-m/crtbegin.o

.ARM.extab
 *(.ARM.extab* .gnu.linkonce.armextab.*)

.ARM            0x0800217c        0x0
                0x0800217c                __exidx_start = .
 *(.ARM.exidx*)
                0x0800217c                __exidx_end = .

.preinit_array  0x0800217c        0x0
                0x0800217c                PROVIDE (__preinit_array_start, .)
 *(.preinit_array*)
                0x0800217c                PROVIDE (__preinit_array_end, .)

.init_array     0x0800217c        0x4
                0x0800217c                PROVIDE (__init_array_start, .)
 *(SORT(.init_array.*))
 *(.init_array*)
 .init_array    0x0800217c        0x4 c:/program files (x86)/atollic/truestudio for stm32 9.3.0/armtools/bin/../lib/gcc/arm-atollic-eabi/6.3.1/armv7-m/crtbegin.o
                0x08002180                PROVIDE (__init_array_end, .)

.fini_array     0x08002180        0x4
                [!provide]                PROVIDE (__fini_array_start, .)
 *(SORT(.fini_array.*))
 *(.fini_array*)
 .fini_array    0x08002180        0x4 c:/program files (x86)/atollic/truestudio for stm32 9.3.0/armtools/bin/../lib/gcc/arm-atollic-eabi/6.3.1/armv7-m/crtbegin.o
                [!provide]                PROVIDE (__fini_array_end, .)
                0x08002184                _sidata = LOADADDR (.data)

.data           0x20000000       0x70 load address 0x08002184
                0x20000000                . = ALIGN (0x4)
                0x20000000                _sdata = .
 *(.data)
 *(.data*)
 .data.SystemCoreClock
                0x20000000        0x4 Drivers\CMSIS\system_stm32f1xx.o
                0x20000000                SystemCoreClock
 .data.uwTickFreq
                0x20000004        0x1 Drivers\STM32F1xx_HAL_Driver\stm32f1xx_hal.o
                0x20000004                uwTickFreq
 *fill*         0x20000005        0x3 
 .data.uwTickPrio
                0x20000008        0x4 Drivers\STM32F1xx_HAL_Driver\stm32f1xx_hal.o
                0x20000008                uwTickPrio
 .data._impure_ptr
                0x2000000c        0x4 c:/program files (x86)/atollic/truestudio for stm32 9.3.0/armtools/bin/../lib/gcc/arm-atollic-eabi/6.3.1/../../../../arm-atollic-eabi/lib/armv7-m\libc_nano.a(lib_a-impure.o)
                0x2000000c                _impure_ptr
 .data.impure_data
                0x20000010       0x60 c:/program files (x86)/atollic/truestudio for stm32 9.3.0/armtools/bin/../lib/gcc/arm-atollic-eabi/6.3.1/../../../../arm-atollic-eabi/lib/armv7-m\libc_nano.a(lib_a-impure.o)
                0x20000070                . = ALIGN (0x4)
                0x20000070                _edata = .

.igot.plt       0x20000070        0x0 load address 0x080021f4
 .igot.plt      0x20000070        0x0 c:/program files (x86)/atollic/truestudio for stm32 9.3.0/armtools/bin/../lib/gcc/arm-atollic-eabi/6.3.1/armv7-m/crtbegin.o
                0x20000070                . = ALIGN (0x4)

.bss            0x20000070       0xfc load address 0x080021f4
                0x20000070                _sbss = .
                0x20000070                __bss_start__ = _sbss
 *(.bss)
 .bss           0x20000070       0x1c c:/program files (x86)/atollic/truestudio for stm32 9.3.0/armtools/bin/../lib/gcc/arm-atollic-eabi/6.3.1/armv7-m/crtbegin.o
 *(.bss*)
 .bss.heap_end.5887
                0x2000008c        0x4 Application\TrueSTUDIO\syscalls.o
 .bss.hi2c_ctrl
                0x20000090       0x54 External_Library\i2c_dev\i2c_dev.o
 .bss.hspi_ctrl
                0x200000e4       0x58 External_Library\spi_dev\spi_dev.o
 .bss.__malloc_free_list
                0x2000013c        0x4 c:/program files (x86)/atollic/truestudio for stm32 9.3.0/armtools/bin/../lib/gcc/arm-atollic-eabi/6.3.1/../../../../arm-atollic-eabi/lib/armv7-m\libc_nano.a(lib_a-nano-mallocr.o)
                0x2000013c                __malloc_free_list
 .bss.__malloc_sbrk_start
                0x20000140        0x4 c:/program files (x86)/atollic/truestudio for stm32 9.3.0/armtools/bin/../lib/gcc/arm-atollic-eabi/6.3.1/../../../../arm-atollic-eabi/lib/armv7-m\libc_nano.a(lib_a-nano-mallocr.o)
                0x20000140                __malloc_sbrk_start
 *(COMMON)
 COMMON         0x20000144       0x20 Application\User\main.o
                0x20000144                node_base
                0x20000148                card_id
                0x20000150                node_2
                0x20000154                node_5
                0x20000158                node_3
                0x2000015c                node_4
                0x20000160                node_1
 COMMON         0x20000164        0x4 Drivers\STM32F1xx_HAL_Driver\stm32f1xx_hal.o
                0x20000164                uwTick
 COMMON         0x20000168        0x4 c:/program files (x86)/atollic/truestudio for stm32 9.3.0/armtools/bin/../lib/gcc/arm-atollic-eabi/6.3.1/../../../../arm-atollic-eabi/lib/armv7-m\libc_nano.a(lib_a-reent.o)
                0x20000168                errno
                0x2000016c                . = ALIGN (0x4)
                0x2000016c                _ebss = .
                0x2000016c                __bss_end__ = _ebss

._user_heap_stack
                0x2000016c      0x600 load address 0x080021f4
                0x2000016c                . = ALIGN (0x4)
                0x2000016c                PROVIDE (end, .)
                [!provide]                PROVIDE (_end, .)
                0x2000036c                . = (. + _Min_Heap_Size)
 *fill*         0x2000016c      0x200 
                0x2000076c                . = (. + _Min_Stack_Size)
 *fill*         0x2000036c      0x400 
                0x2000076c                . = ALIGN (0x4)

/DISCARD/
 libc.a(*)
 libm.a(*)
 libgcc.a(*)

.ARM.attributes
                0x00000000       0x29
 *(.ARM.attributes)
 .ARM.attributes
                0x00000000       0x1d c:/program files (x86)/atollic/truestudio for stm32 9.3.0/armtools/bin/../lib/gcc/arm-atollic-eabi/6.3.1/armv7-m/crti.o
 .ARM.attributes
                0x0000001d       0x2d c:/program files (x86)/atollic/truestudio for stm32 9.3.0/armtools/bin/../lib/gcc/arm-atollic-eabi/6.3.1/armv7-m/crtbegin.o
 .ARM.attributes
                0x0000004a       0x21 Application\TrueSTUDIO\startup_stm32f103xb.o
 .ARM.attributes
                0x0000006b       0x33 Application\TrueSTUDIO\syscalls.o
 .ARM.attributes
                0x0000009e       0x33 Application\User\main.o
 .ARM.attributes
                0x000000d1       0x33 Application\User\stm32f1xx_hal_msp.o
 .ARM.attributes
                0x00000104       0x33 Application\User\stm32f1xx_it.o
 .ARM.attributes
                0x00000137       0x33 Drivers\CMSIS\system_stm32f1xx.o
 .ARM.attributes
                0x0000016a       0x33 Drivers\STM32F1xx_HAL_Driver\stm32f1xx_hal.o
 .ARM.attributes
                0x0000019d       0x33 Drivers\STM32F1xx_HAL_Driver\stm32f1xx_hal_cortex.o
 .ARM.attributes
                0x000001d0       0x33 Drivers\STM32F1xx_HAL_Driver\stm32f1xx_hal_gpio.o
 .ARM.attributes
                0x00000203       0x33 Drivers\STM32F1xx_HAL_Driver\stm32f1xx_hal_i2c.o
 .ARM.attributes
                0x00000236       0x33 Drivers\STM32F1xx_HAL_Driver\stm32f1xx_hal_rcc.o
 .ARM.attributes
                0x00000269       0x33 Drivers\STM32F1xx_HAL_Driver\stm32f1xx_hal_rcc_ex.o
 .ARM.attributes
                0x0000029c       0x33 Drivers\STM32F1xx_HAL_Driver\stm32f1xx_hal_spi.o
 .ARM.attributes
                0x000002cf       0x33 External_Library\Auto_Parking\auto_parking.o
 .ARM.attributes
                0x00000302       0x33 External_Library\door_motor\door_motor.o
 .ARM.attributes
                0x00000335       0x33 External_Library\gpio_dev\gpio_dev.o
 .ARM.attributes
                0x00000368       0x33 External_Library\i2c_dev\i2c_dev.o
 .ARM.attributes
                0x0000039b       0x33 External_Library\lcd_i2c\lcd_i2c.o
 .ARM.attributes
                0x000003ce       0x33 External_Library\rc522_rfid\rcc522.o
 .ARM.attributes
                0x00000401       0x33 External_Library\spi_dev\spi_dev.o
 .ARM.attributes
                0x00000434       0x33 External_Library\stepper_motor_ctrl\stepper_ctrl.o
 .ARM.attributes
                0x00000467       0x2d c:/program files (x86)/atollic/truestudio for stm32 9.3.0/armtools/bin/../lib/gcc/arm-atollic-eabi/6.3.1/../../../../arm-atollic-eabi/lib/armv7-m\libc_nano.a(lib_a-errno.o)
 .ARM.attributes
                0x00000494       0x2d c:/program files (x86)/atollic/truestudio for stm32 9.3.0/armtools/bin/../lib/gcc/arm-atollic-eabi/6.3.1/../../../../arm-atollic-eabi/lib/armv7-m\libc_nano.a(lib_a-impure.o)
 .ARM.attributes
                0x000004c1       0x2d c:/program files (x86)/atollic/truestudio for stm32 9.3.0/armtools/bin/../lib/gcc/arm-atollic-eabi/6.3.1/../../../../arm-atollic-eabi/lib/armv7-m\libc_nano.a(lib_a-init.o)
 .ARM.attributes
                0x000004ee       0x2d c:/program files (x86)/atollic/truestudio for stm32 9.3.0/armtools/bin/../lib/gcc/arm-atollic-eabi/6.3.1/../../../../arm-atollic-eabi/lib/armv7-m\libc_nano.a(lib_a-malloc.o)
 .ARM.attributes
                0x0000051b       0x2d c:/program files (x86)/atollic/truestudio for stm32 9.3.0/armtools/bin/../lib/gcc/arm-atollic-eabi/6.3.1/../../../../arm-atollic-eabi/lib/armv7-m\libc_nano.a(lib_a-memcmp.o)
 .ARM.attributes
                0x00000548       0x2d c:/program files (x86)/atollic/truestudio for stm32 9.3.0/armtools/bin/../lib/gcc/arm-atollic-eabi/6.3.1/../../../../arm-atollic-eabi/lib/armv7-m\libc_nano.a(lib_a-memset.o)
 .ARM.attributes
                0x00000575       0x2d c:/program files (x86)/atollic/truestudio for stm32 9.3.0/armtools/bin/../lib/gcc/arm-atollic-eabi/6.3.1/../../../../arm-atollic-eabi/lib/armv7-m\libc_nano.a(lib_a-nano-freer.o)
 .ARM.attributes
                0x000005a2       0x2d c:/program files (x86)/atollic/truestudio for stm32 9.3.0/armtools/bin/../lib/gcc/arm-atollic-eabi/6.3.1/../../../../arm-atollic-eabi/lib/armv7-m\libc_nano.a(lib_a-nano-mallocr.o)
 .ARM.attributes
                0x000005cf       0x2d c:/program files (x86)/atollic/truestudio for stm32 9.3.0/armtools/bin/../lib/gcc/arm-atollic-eabi/6.3.1/../../../../arm-atollic-eabi/lib/armv7-m\libc_nano.a(lib_a-sbrkr.o)
 .ARM.attributes
                0x000005fc       0x2d c:/program files (x86)/atollic/truestudio for stm32 9.3.0/armtools/bin/../lib/gcc/arm-atollic-eabi/6.3.1/../../../../arm-atollic-eabi/lib/armv7-m\libc_nano.a(lib_a-mlock.o)
 .ARM.attributes
                0x00000629       0x2d c:/program files (x86)/atollic/truestudio for stm32 9.3.0/armtools/bin/../lib/gcc/arm-atollic-eabi/6.3.1/../../../../arm-atollic-eabi/lib/armv7-m\libc_nano.a(lib_a-reent.o)
 .ARM.attributes
                0x00000656       0x1d c:/program files (x86)/atollic/truestudio for stm32 9.3.0/armtools/bin/../lib/gcc/arm-atollic-eabi/6.3.1/armv7-m/crtn.o
OUTPUT(AUTO_PARKING_PROJECT.elf elf32-littlearm)

.debug_line     0x00000000     0x7f95
 .debug_line    0x00000000       0x78 Application\TrueSTUDIO\startup_stm32f103xb.o
 .debug_line    0x00000078      0x3bf Application\TrueSTUDIO\syscalls.o
 .debug_line    0x00000437      0x6b1 Application\User\main.o
 .debug_line    0x00000ae8      0x4d2 Application\User\stm32f1xx_hal_msp.o
 .debug_line    0x00000fba      0x3b3 Application\User\stm32f1xx_it.o
 .debug_line    0x0000136d      0x33f Drivers\CMSIS\system_stm32f1xx.o
 .debug_line    0x000016ac      0x502 Drivers\STM32F1xx_HAL_Driver\stm32f1xx_hal.o
 .debug_line    0x00001bae      0x4fd Drivers\STM32F1xx_HAL_Driver\stm32f1xx_hal_cortex.o
 .debug_line    0x000020ab      0x4c2 Drivers\STM32F1xx_HAL_Driver\stm32f1xx_hal_gpio.o
 .debug_line    0x0000256d     0x1f4d Drivers\STM32F1xx_HAL_Driver\stm32f1xx_hal_i2c.o
 .debug_line    0x000044ba      0x699 Drivers\STM32F1xx_HAL_Driver\stm32f1xx_hal_rcc.o
 .debug_line    0x00004b53      0x44d Drivers\STM32F1xx_HAL_Driver\stm32f1xx_hal_rcc_ex.o
 .debug_line    0x00004fa0      0xcc9 Drivers\STM32F1xx_HAL_Driver\stm32f1xx_hal_spi.o
 .debug_line    0x00005c69      0x4ac External_Library\Auto_Parking\auto_parking.o
 .debug_line    0x00006115      0x3cb External_Library\door_motor\door_motor.o
 .debug_line    0x000064e0      0x3ed External_Library\gpio_dev\gpio_dev.o
 .debug_line    0x000068cd      0x3fa External_Library\i2c_dev\i2c_dev.o
 .debug_line    0x00006cc7      0x426 External_Library\lcd_i2c\lcd_i2c.o
 .debug_line    0x000070ed      0x684 External_Library\rc522_rfid\rcc522.o
 .debug_line    0x00007771      0x443 External_Library\spi_dev\spi_dev.o
 .debug_line    0x00007bb4      0x3e1 External_Library\stepper_motor_ctrl\stepper_ctrl.o

.debug_info     0x00000000    0x186b5
 .debug_info    0x00000000       0x96 Application\TrueSTUDIO\startup_stm32f103xb.o
 .debug_info    0x00000096      0xfe1 Application\TrueSTUDIO\syscalls.o
 .debug_info    0x00001077     0x11c2 Application\User\main.o
 .debug_info    0x00002239     0x17d5 Application\User\stm32f1xx_hal_msp.o
 .debug_info    0x00003a0e      0xb1c Application\User\stm32f1xx_it.o
 .debug_info    0x0000452a      0xc54 Drivers\CMSIS\system_stm32f1xx.o
 .debug_info    0x0000517e      0xfea Drivers\STM32F1xx_HAL_Driver\stm32f1xx_hal.o
 .debug_info    0x00006168     0x14c4 Drivers\STM32F1xx_HAL_Driver\stm32f1xx_hal_cortex.o
 .debug_info    0x0000762c      0xeae Drivers\STM32F1xx_HAL_Driver\stm32f1xx_hal_gpio.o
 .debug_info    0x000084da     0x3cb1 Drivers\STM32F1xx_HAL_Driver\stm32f1xx_hal_i2c.o
 .debug_info    0x0000c18b     0x121e Drivers\STM32F1xx_HAL_Driver\stm32f1xx_hal_rcc.o
 .debug_info    0x0000d3a9      0xca8 Drivers\STM32F1xx_HAL_Driver\stm32f1xx_hal_rcc_ex.o
 .debug_info    0x0000e051     0x24d7 Drivers\STM32F1xx_HAL_Driver\stm32f1xx_hal_spi.o
 .debug_info    0x00010528     0x105f External_Library\Auto_Parking\auto_parking.o
 .debug_info    0x00011587      0xcd6 External_Library\door_motor\door_motor.o
 .debug_info    0x0001225d      0xddd External_Library\gpio_dev\gpio_dev.o
 .debug_info    0x0001303a     0x1017 External_Library\i2c_dev\i2c_dev.o
 .debug_info    0x00014051      0xe22 External_Library\lcd_i2c\lcd_i2c.o
 .debug_info    0x00014e73     0x19ed External_Library\rc522_rfid\rcc522.o
 .debug_info    0x00016860     0x11b4 External_Library\spi_dev\spi_dev.o
 .debug_info    0x00017a14      0xca1 External_Library\stepper_motor_ctrl\stepper_ctrl.o

.debug_abbrev   0x00000000     0x35a8
 .debug_abbrev  0x00000000       0x12 Application\TrueSTUDIO\startup_stm32f103xb.o
 .debug_abbrev  0x00000012      0x2d9 Application\TrueSTUDIO\syscalls.o
 .debug_abbrev  0x000002eb      0x296 Application\User\main.o
 .debug_abbrev  0x00000581      0x23b Application\User\stm32f1xx_hal_msp.o
 .debug_abbrev  0x000007bc      0x20a Application\User\stm32f1xx_it.o
 .debug_abbrev  0x000009c6      0x1eb Drivers\CMSIS\system_stm32f1xx.o
 .debug_abbrev  0x00000bb1      0x306 Drivers\STM32F1xx_HAL_Driver\stm32f1xx_hal.o
 .debug_abbrev  0x00000eb7      0x3ab Drivers\STM32F1xx_HAL_Driver\stm32f1xx_hal_cortex.o
 .debug_abbrev  0x00001262      0x26c Drivers\STM32F1xx_HAL_Driver\stm32f1xx_hal_gpio.o
 .debug_abbrev  0x000014ce      0x408 Drivers\STM32F1xx_HAL_Driver\stm32f1xx_hal_i2c.o
 .debug_abbrev  0x000018d6      0x349 Drivers\STM32F1xx_HAL_Driver\stm32f1xx_hal_rcc.o
 .debug_abbrev  0x00001c1f      0x277 Drivers\STM32F1xx_HAL_Driver\stm32f1xx_hal_rcc_ex.o
 .debug_abbrev  0x00001e96      0x3a0 Drivers\STM32F1xx_HAL_Driver\stm32f1xx_hal_spi.o
 .debug_abbrev  0x00002236      0x2dc External_Library\Auto_Parking\auto_parking.o
 .debug_abbrev  0x00002512      0x22f External_Library\door_motor\door_motor.o
 .debug_abbrev  0x00002741      0x20a External_Library\gpio_dev\gpio_dev.o
 .debug_abbrev  0x0000294b      0x222 External_Library\i2c_dev\i2c_dev.o
 .debug_abbrev  0x00002b6d      0x23e External_Library\lcd_i2c\lcd_i2c.o
 .debug_abbrev  0x00002dab      0x371 External_Library\rc522_rfid\rcc522.o
 .debug_abbrev  0x0000311c      0x25b External_Library\spi_dev\spi_dev.o
 .debug_abbrev  0x00003377      0x231 External_Library\stepper_motor_ctrl\stepper_ctrl.o

.debug_aranges  0x00000000      0x9a8
 .debug_aranges
                0x00000000       0x28 Application\TrueSTUDIO\startup_stm32f103xb.o
 .debug_aranges
                0x00000028       0xb0 Application\TrueSTUDIO\syscalls.o
 .debug_aranges
                0x000000d8       0x38 Application\User\main.o
 .debug_aranges
                0x00000110       0x50 Application\User\stm32f1xx_hal_msp.o
 .debug_aranges
                0x00000160       0x48 Application\User\stm32f1xx_it.o
 .debug_aranges
                0x000001a8       0x28 Drivers\CMSIS\system_stm32f1xx.o
 .debug_aranges
                0x000001d0       0xd8 Drivers\STM32F1xx_HAL_Driver\stm32f1xx_hal.o
 .debug_aranges
                0x000002a8       0x90 Drivers\STM32F1xx_HAL_Driver\stm32f1xx_hal_cortex.o
 .debug_aranges
                0x00000338       0x58 Drivers\STM32F1xx_HAL_Driver\stm32f1xx_hal_gpio.o
 .debug_aranges
                0x00000390      0x1b0 Drivers\STM32F1xx_HAL_Driver\stm32f1xx_hal_i2c.o
 .debug_aranges
                0x00000540       0x88 Drivers\STM32F1xx_HAL_Driver\stm32f1xx_hal_rcc.o
 .debug_aranges
                0x000005c8       0x30 Drivers\STM32F1xx_HAL_Driver\stm32f1xx_hal_rcc_ex.o
 .debug_aranges
                0x000005f8      0x188 Drivers\STM32F1xx_HAL_Driver\stm32f1xx_hal_spi.o
 .debug_aranges
                0x00000780       0x60 External_Library\Auto_Parking\auto_parking.o
 .debug_aranges
                0x000007e0       0x28 External_Library\door_motor\door_motor.o
 .debug_aranges
                0x00000808       0x20 External_Library\gpio_dev\gpio_dev.o
 .debug_aranges
                0x00000828       0x28 External_Library\i2c_dev\i2c_dev.o
 .debug_aranges
                0x00000850       0x48 External_Library\lcd_i2c\lcd_i2c.o
 .debug_aranges
                0x00000898       0xb0 External_Library\rc522_rfid\rcc522.o
 .debug_aranges
                0x00000948       0x38 External_Library\spi_dev\spi_dev.o
 .debug_aranges
                0x00000980       0x28 External_Library\stepper_motor_ctrl\stepper_ctrl.o

.debug_ranges   0x00000000      0xdd8
 .debug_ranges  0x00000000       0x20 Application\TrueSTUDIO\startup_stm32f103xb.o
 .debug_ranges  0x00000020       0xa0 Application\TrueSTUDIO\syscalls.o
 .debug_ranges  0x000000c0       0x28 Application\User\main.o
 .debug_ranges  0x000000e8       0xb8 Application\User\stm32f1xx_hal_msp.o
 .debug_ranges  0x000001a0       0x38 Application\User\stm32f1xx_it.o
 .debug_ranges  0x000001d8       0x18 Drivers\CMSIS\system_stm32f1xx.o
 .debug_ranges  0x000001f0       0xc8 Drivers\STM32F1xx_HAL_Driver\stm32f1xx_hal.o
 .debug_ranges  0x000002b8      0x128 Drivers\STM32F1xx_HAL_Driver\stm32f1xx_hal_cortex.o
 .debug_ranges  0x000003e0       0x60 Drivers\STM32F1xx_HAL_Driver\stm32f1xx_hal_gpio.o
 .debug_ranges  0x00000440      0x4b8 Drivers\STM32F1xx_HAL_Driver\stm32f1xx_hal_i2c.o
 .debug_ranges  0x000008f8       0xa0 Drivers\STM32F1xx_HAL_Driver\stm32f1xx_hal_rcc.o
 .debug_ranges  0x00000998       0x40 Drivers\STM32F1xx_HAL_Driver\stm32f1xx_hal_rcc_ex.o
 .debug_ranges  0x000009d8      0x1a8 Drivers\STM32F1xx_HAL_Driver\stm32f1xx_hal_spi.o
 .debug_ranges  0x00000b80       0x68 External_Library\Auto_Parking\auto_parking.o
 .debug_ranges  0x00000be8       0x18 External_Library\door_motor\door_motor.o
 .debug_ranges  0x00000c00       0x78 External_Library\gpio_dev\gpio_dev.o
 .debug_ranges  0x00000c78       0x18 External_Library\i2c_dev\i2c_dev.o
 .debug_ranges  0x00000c90       0x38 External_Library\lcd_i2c\lcd_i2c.o
 .debug_ranges  0x00000cc8       0xd0 External_Library\rc522_rfid\rcc522.o
 .debug_ranges  0x00000d98       0x28 External_Library\spi_dev\spi_dev.o
 .debug_ranges  0x00000dc0       0x18 External_Library\stepper_motor_ctrl\stepper_ctrl.o

.debug_loc      0x00000000     0x72d9
 .debug_loc     0x00000000      0x3ef Application\TrueSTUDIO\syscalls.o
 .debug_loc     0x000003ef       0xb3 Application\User\main.o
 .debug_loc     0x000004a2      0x108 Application\User\stm32f1xx_hal_msp.o
 .debug_loc     0x000005aa       0xcd Drivers\CMSIS\system_stm32f1xx.o
 .debug_loc     0x00000677      0x10c Drivers\STM32F1xx_HAL_Driver\stm32f1xx_hal.o
 .debug_loc     0x00000783      0x487 Drivers\STM32F1xx_HAL_Driver\stm32f1xx_hal_cortex.o
 .debug_loc     0x00000c0a      0x2f5 Drivers\STM32F1xx_HAL_Driver\stm32f1xx_hal_gpio.o
 .debug_loc     0x00000eff     0x2fbc Drivers\STM32F1xx_HAL_Driver\stm32f1xx_hal_i2c.o
 .debug_loc     0x00003ebb      0x478 Drivers\STM32F1xx_HAL_Driver\stm32f1xx_hal_rcc.o
 .debug_loc     0x00004333      0x29d Drivers\STM32F1xx_HAL_Driver\stm32f1xx_hal_rcc_ex.o
 .debug_loc     0x000045d0     0x1703 Drivers\STM32F1xx_HAL_Driver\stm32f1xx_hal_spi.o
 .debug_loc     0x00005cd3      0x5f1 External_Library\Auto_Parking\auto_parking.o
 .debug_loc     0x000062c4       0x5b External_Library\door_motor\door_motor.o
 .debug_loc     0x0000631f       0x6e External_Library\i2c_dev\i2c_dev.o
 .debug_loc     0x0000638d      0x1d5 External_Library\lcd_i2c\lcd_i2c.o
 .debug_loc     0x00006562      0xc4b External_Library\rc522_rfid\rcc522.o
 .debug_loc     0x000071ad       0xa3 External_Library\spi_dev\spi_dev.o
 .debug_loc     0x00007250       0x89 External_Library\stepper_motor_ctrl\stepper_ctrl.o

.debug_str      0x00000000     0x34e5
 .debug_str     0x00000000      0x774 Application\TrueSTUDIO\syscalls.o
                                0x879 (size before relaxing)
 .debug_str     0x00000774      0x47b Application\User\main.o
                                0xa7e (size before relaxing)
 .debug_str     0x00000bef      0x7f0 Application\User\stm32f1xx_hal_msp.o
                               0x1002 (size before relaxing)
 .debug_str     0x000013df       0xb8 Application\User\stm32f1xx_it.o
                                0x7f7 (size before relaxing)
 .debug_str     0x00001497       0xb1 Drivers\CMSIS\system_stm32f1xx.o
                                0x79f (size before relaxing)
 .debug_str     0x00001548      0x571 Drivers\STM32F1xx_HAL_Driver\stm32f1xx_hal.o
                                0xcbd (size before relaxing)
 .debug_str     0x00001ab9      0x36d Drivers\STM32F1xx_HAL_Driver\stm32f1xx_hal_cortex.o
                                0xddf (size before relaxing)
 .debug_str     0x00001e26      0x144 Drivers\STM32F1xx_HAL_Driver\stm32f1xx_hal_gpio.o
                                0x930 (size before relaxing)
 .debug_str     0x00001f6a      0x8c9 Drivers\STM32F1xx_HAL_Driver\stm32f1xx_hal_i2c.o
                               0x1493 (size before relaxing)
 .debug_str     0x00002833      0x1cb Drivers\STM32F1xx_HAL_Driver\stm32f1xx_hal_rcc.o
                                0xb19 (size before relaxing)
 .debug_str     0x000029fe       0xa5 Drivers\STM32F1xx_HAL_Driver\stm32f1xx_hal_rcc_ex.o
                                0x8f1 (size before relaxing)
 .debug_str     0x00002aa3      0x50f Drivers\STM32F1xx_HAL_Driver\stm32f1xx_hal_spi.o
                               0x1054 (size before relaxing)
 .debug_str     0x00002fb2       0xf5 External_Library\Auto_Parking\auto_parking.o
                                0x8b8 (size before relaxing)
 .debug_str     0x000030a7       0x3d External_Library\door_motor\door_motor.o
                                0x804 (size before relaxing)
 .debug_str     0x000030e4       0x28 External_Library\gpio_dev\gpio_dev.o
                                0x856 (size before relaxing)
 .debug_str     0x0000310c       0x5f External_Library\i2c_dev\i2c_dev.o
                                0xc75 (size before relaxing)
 .debug_str     0x0000316b       0x6a External_Library\lcd_i2c\lcd_i2c.o
                                0x7fb (size before relaxing)
 .debug_str     0x000031d5      0x264 External_Library\rc522_rfid\rcc522.o
                                0x9ed (size before relaxing)
 .debug_str     0x00003439       0x65 External_Library\spi_dev\spi_dev.o
                                0xc34 (size before relaxing)
 .debug_str     0x0000349e       0x47 External_Library\stepper_motor_ctrl\stepper_ctrl.o
                                0x80f (size before relaxing)

.comment        0x00000000       0x7c
 .comment       0x00000000       0x7c Application\TrueSTUDIO\syscalls.o
                                 0x7d (size before relaxing)
 .comment       0x0000007c       0x7d Application\User\main.o
 .comment       0x0000007c       0x7d Application\User\stm32f1xx_hal_msp.o
 .comment       0x0000007c       0x7d Application\User\stm32f1xx_it.o
 .comment       0x0000007c       0x7d Drivers\CMSIS\system_stm32f1xx.o
 .comment       0x0000007c       0x7d Drivers\STM32F1xx_HAL_Driver\stm32f1xx_hal.o
 .comment       0x0000007c       0x7d Drivers\STM32F1xx_HAL_Driver\stm32f1xx_hal_cortex.o
 .comment       0x0000007c       0x7d Drivers\STM32F1xx_HAL_Driver\stm32f1xx_hal_gpio.o
 .comment       0x0000007c       0x7d Drivers\STM32F1xx_HAL_Driver\stm32f1xx_hal_i2c.o
 .comment       0x0000007c       0x7d Drivers\STM32F1xx_HAL_Driver\stm32f1xx_hal_rcc.o
 .comment       0x0000007c       0x7d Drivers\STM32F1xx_HAL_Driver\stm32f1xx_hal_rcc_ex.o
 .comment       0x0000007c       0x7d Drivers\STM32F1xx_HAL_Driver\stm32f1xx_hal_spi.o
 .comment       0x0000007c       0x7d External_Library\Auto_Parking\auto_parking.o
 .comment       0x0000007c       0x7d External_Library\door_motor\door_motor.o
 .comment       0x0000007c       0x7d External_Library\gpio_dev\gpio_dev.o
 .comment       0x0000007c       0x7d External_Library\i2c_dev\i2c_dev.o
 .comment       0x0000007c       0x7d External_Library\lcd_i2c\lcd_i2c.o
 .comment       0x0000007c       0x7d External_Library\rc522_rfid\rcc522.o
 .comment       0x0000007c       0x7d External_Library\spi_dev\spi_dev.o
 .comment       0x0000007c       0x7d External_Library\stepper_motor_ctrl\stepper_ctrl.o

.debug_frame    0x00000000     0x1d04
 .debug_frame   0x00000000      0x1a8 Application\TrueSTUDIO\syscalls.o
 .debug_frame   0x000001a8       0x88 Application\User\main.o
 .debug_frame   0x00000230       0xb8 Application\User\stm32f1xx_hal_msp.o
 .debug_frame   0x000002e8       0xa0 Application\User\stm32f1xx_it.o
 .debug_frame   0x00000388       0x30 Drivers\CMSIS\system_stm32f1xx.o
 .debug_frame   0x000003b8      0x1d4 Drivers\STM32F1xx_HAL_Driver\stm32f1xx_hal.o
 .debug_frame   0x0000058c      0x120 Drivers\STM32F1xx_HAL_Driver\stm32f1xx_hal_cortex.o
 .debug_frame   0x000006ac       0xd4 Drivers\STM32F1xx_HAL_Driver\stm32f1xx_hal_gpio.o
 .debug_frame   0x00000780      0x700 Drivers\STM32F1xx_HAL_Driver\stm32f1xx_hal_i2c.o
 .debug_frame   0x00000e80      0x150 Drivers\STM32F1xx_HAL_Driver\stm32f1xx_hal_rcc.o
 .debug_frame   0x00000fd0       0x6c Drivers\STM32F1xx_HAL_Driver\stm32f1xx_hal_rcc_ex.o
 .debug_frame   0x0000103c      0x568 Drivers\STM32F1xx_HAL_Driver\stm32f1xx_hal_spi.o
 .debug_frame   0x000015a4      0x124 External_Library\Auto_Parking\auto_parking.o
 .debug_frame   0x000016c8       0x48 External_Library\door_motor\door_motor.o
 .debug_frame   0x00001710       0x38 External_Library\gpio_dev\gpio_dev.o
 .debug_frame   0x00001748       0x48 External_Library\i2c_dev\i2c_dev.o
 .debug_frame   0x00001790       0x94 External_Library\lcd_i2c\lcd_i2c.o
 .debug_frame   0x00001824      0x22c External_Library\rc522_rfid\rcc522.o
 .debug_frame   0x00001a50       0x88 External_Library\spi_dev\spi_dev.o
 .debug_frame   0x00001ad8       0x4c External_Library\stepper_motor_ctrl\stepper_ctrl.o
 .debug_frame   0x00001b24       0x20 c:/program files (x86)/atollic/truestudio for stm32 9.3.0/armtools/bin/../lib/gcc/arm-atollic-eabi/6.3.1/../../../../arm-atollic-eabi/lib/armv7-m\libc_nano.a(lib_a-errno.o)
 .debug_frame   0x00001b44       0x2c c:/program files (x86)/atollic/truestudio for stm32 9.3.0/armtools/bin/../lib/gcc/arm-atollic-eabi/6.3.1/../../../../arm-atollic-eabi/lib/armv7-m\libc_nano.a(lib_a-init.o)
 .debug_frame   0x00001b70       0x30 c:/program files (x86)/atollic/truestudio for stm32 9.3.0/armtools/bin/../lib/gcc/arm-atollic-eabi/6.3.1/../../../../arm-atollic-eabi/lib/armv7-m\libc_nano.a(lib_a-malloc.o)
 .debug_frame   0x00001ba0       0x28 c:/program files (x86)/atollic/truestudio for stm32 9.3.0/armtools/bin/../lib/gcc/arm-atollic-eabi/6.3.1/../../../../arm-atollic-eabi/lib/armv7-m\libc_nano.a(lib_a-memcmp.o)
 .debug_frame   0x00001bc8       0x20 c:/program files (x86)/atollic/truestudio for stm32 9.3.0/armtools/bin/../lib/gcc/arm-atollic-eabi/6.3.1/../../../../arm-atollic-eabi/lib/armv7-m\libc_nano.a(lib_a-memset.o)
 .debug_frame   0x00001be8       0x38 c:/program files (x86)/atollic/truestudio for stm32 9.3.0/armtools/bin/../lib/gcc/arm-atollic-eabi/6.3.1/../../../../arm-atollic-eabi/lib/armv7-m\libc_nano.a(lib_a-nano-freer.o)
 .debug_frame   0x00001c20       0x2c c:/program files (x86)/atollic/truestudio for stm32 9.3.0/armtools/bin/../lib/gcc/arm-atollic-eabi/6.3.1/../../../../arm-atollic-eabi/lib/armv7-m\libc_nano.a(lib_a-nano-mallocr.o)
 .debug_frame   0x00001c4c       0x2c c:/program files (x86)/atollic/truestudio for stm32 9.3.0/armtools/bin/../lib/gcc/arm-atollic-eabi/6.3.1/../../../../arm-atollic-eabi/lib/armv7-m\libc_nano.a(lib_a-sbrkr.o)
 .debug_frame   0x00001c78       0x30 c:/program files (x86)/atollic/truestudio for stm32 9.3.0/armtools/bin/../lib/gcc/arm-atollic-eabi/6.3.1/../../../../arm-atollic-eabi/lib/armv7-m\libc_nano.a(lib_a-mlock.o)
 .debug_frame   0x00001ca8       0x5c c:/program files (x86)/atollic/truestudio for stm32 9.3.0/armtools/bin/../lib/gcc/arm-atollic-eabi/6.3.1/../../../../arm-atollic-eabi/lib/armv7-m\libc_nano.a(lib_a-reent.o)
