Archive member included to satisfy reference by file (symbol)

c:/program files (x86)/atollic/truestudio for stm32 9.3.0/armtools/bin/../lib/gcc/arm-atollic-eabi/6.3.1/../../../../arm-atollic-eabi/lib/armv7-m\libc_nano.a(lib_a-errno.o)
                              Application\TrueSTUDIO\syscalls.o (__errno)
c:/program files (x86)/atollic/truestudio for stm32 9.3.0/armtools/bin/../lib/gcc/arm-atollic-eabi/6.3.1/../../../../arm-atollic-eabi/lib/armv7-m\libc_nano.a(lib_a-impure.o)
                              c:/program files (x86)/atollic/truestudio for stm32 9.3.0/armtools/bin/../lib/gcc/arm-atollic-eabi/6.3.1/../../../../arm-atollic-eabi/lib/armv7-m\libc_nano.a(lib_a-errno.o) (_impure_ptr)
c:/program files (x86)/atollic/truestudio for stm32 9.3.0/armtools/bin/../lib/gcc/arm-atollic-eabi/6.3.1/../../../../arm-atollic-eabi/lib/armv7-m\libc_nano.a(lib_a-init.o)
                              Application\TrueSTUDIO\startup_stm32f103xb.o (__libc_init_array)
c:/program files (x86)/atollic/truestudio for stm32 9.3.0/armtools/bin/../lib/gcc/arm-atollic-eabi/6.3.1/../../../../arm-atollic-eabi/lib/armv7-m\libc_nano.a(lib_a-memcmp.o)
                              External_Library\Auto_Parking\auto_parking.o (memcmp)
c:/program files (x86)/atollic/truestudio for stm32 9.3.0/armtools/bin/../lib/gcc/arm-atollic-eabi/6.3.1/../../../../arm-atollic-eabi/lib/armv7-m\libc_nano.a(lib_a-memset.o)
                              Application\User\main.o (memset)
c:/program files (x86)/atollic/truestudio for stm32 9.3.0/armtools/bin/../lib/gcc/arm-atollic-eabi/6.3.1/../../../../arm-atollic-eabi/lib/armv7-m\libc_nano.a(lib_a-printf.o)
                              Application\User\main.o (printf)
c:/program files (x86)/atollic/truestudio for stm32 9.3.0/armtools/bin/../lib/gcc/arm-atollic-eabi/6.3.1/../../../../arm-atollic-eabi/lib/armv7-m\libc_nano.a(lib_a-findfp.o)
                              c:/program files (x86)/atollic/truestudio for stm32 9.3.0/armtools/bin/../lib/gcc/arm-atollic-eabi/6.3.1/../../../../arm-atollic-eabi/lib/armv7-m\libc_nano.a(lib_a-printf.o) (__sinit)
c:/program files (x86)/atollic/truestudio for stm32 9.3.0/armtools/bin/../lib/gcc/arm-atollic-eabi/6.3.1/../../../../arm-atollic-eabi/lib/armv7-m\libc_nano.a(lib_a-fwalk.o)
                              c:/program files (x86)/atollic/truestudio for stm32 9.3.0/armtools/bin/../lib/gcc/arm-atollic-eabi/6.3.1/../../../../arm-atollic-eabi/lib/armv7-m\libc_nano.a(lib_a-findfp.o) (_fwalk)
c:/program files (x86)/atollic/truestudio for stm32 9.3.0/armtools/bin/../lib/gcc/arm-atollic-eabi/6.3.1/../../../../arm-atollic-eabi/lib/armv7-m\libc_nano.a(lib_a-nano-mallocr.o)
                              c:/program files (x86)/atollic/truestudio for stm32 9.3.0/armtools/bin/../lib/gcc/arm-atollic-eabi/6.3.1/../../../../arm-atollic-eabi/lib/armv7-m\libc_nano.a(lib_a-findfp.o) (_malloc_r)
c:/program files (x86)/atollic/truestudio for stm32 9.3.0/armtools/bin/../lib/gcc/arm-atollic-eabi/6.3.1/../../../../arm-atollic-eabi/lib/armv7-m\libc_nano.a(lib_a-nano-vfprintf.o)
                              c:/program files (x86)/atollic/truestudio for stm32 9.3.0/armtools/bin/../lib/gcc/arm-atollic-eabi/6.3.1/../../../../arm-atollic-eabi/lib/armv7-m\libc_nano.a(lib_a-printf.o) (_vfprintf_r)
c:/program files (x86)/atollic/truestudio for stm32 9.3.0/armtools/bin/../lib/gcc/arm-atollic-eabi/6.3.1/../../../../arm-atollic-eabi/lib/armv7-m\libc_nano.a(lib_a-nano-vfprintf_i.o)
                              c:/program files (x86)/atollic/truestudio for stm32 9.3.0/armtools/bin/../lib/gcc/arm-atollic-eabi/6.3.1/../../../../arm-atollic-eabi/lib/armv7-m\libc_nano.a(lib_a-nano-vfprintf.o) (_printf_i)
c:/program files (x86)/atollic/truestudio for stm32 9.3.0/armtools/bin/../lib/gcc/arm-atollic-eabi/6.3.1/../../../../arm-atollic-eabi/lib/armv7-m\libc_nano.a(lib_a-sbrkr.o)
                              c:/program files (x86)/atollic/truestudio for stm32 9.3.0/armtools/bin/../lib/gcc/arm-atollic-eabi/6.3.1/../../../../arm-atollic-eabi/lib/armv7-m\libc_nano.a(lib_a-nano-mallocr.o) (_sbrk_r)
c:/program files (x86)/atollic/truestudio for stm32 9.3.0/armtools/bin/../lib/gcc/arm-atollic-eabi/6.3.1/../../../../arm-atollic-eabi/lib/armv7-m\libc_nano.a(lib_a-stdio.o)
                              c:/program files (x86)/atollic/truestudio for stm32 9.3.0/armtools/bin/../lib/gcc/arm-atollic-eabi/6.3.1/../../../../arm-atollic-eabi/lib/armv7-m\libc_nano.a(lib_a-findfp.o) (__sread)
c:/program files (x86)/atollic/truestudio for stm32 9.3.0/armtools/bin/../lib/gcc/arm-atollic-eabi/6.3.1/../../../../arm-atollic-eabi/lib/armv7-m\libc_nano.a(lib_a-wbuf.o)
                              c:/program files (x86)/atollic/truestudio for stm32 9.3.0/armtools/bin/../lib/gcc/arm-atollic-eabi/6.3.1/../../../../arm-atollic-eabi/lib/armv7-m\libc_nano.a(lib_a-nano-vfprintf.o) (__swbuf_r)
[...]
Memory Configuration

Name             Origin             Length             Attributes
RAM              0x20000000         0x00005000         xrw
FLASH            0x08000000         0x00010000         xr
*default*        0x00000000         0xffffffff

Linker script and memory map

LOAD c:/program files (x86)/atollic/truestudio for stm32 9.3.0/armtools/bin/../lib/gcc/arm-atollic-eabi/6.3.1/armv7-m/crti.o
LOAD c:/program files (x86)/atollic/truestudio for stm32 9.3.0/armtools/bin/../lib/gcc/arm-atollic-eabi/6.3.1/armv7-m/crtbegin.o
LOAD Application\TrueSTUDIO\startup_stm32f103xb.o
LOAD Application\TrueSTUDIO\syscalls.o
LOAD Application\User\main.o
LOAD Application\User\stm32f1xx_hal_msp.o
LOAD Application\User\stm32f1xx_it.o
LOAD Drivers\CMSIS\system_stm32f1xx.o
LOAD Drivers\STM32F1xx_HAL_Driver\stm32f1xx_hal.o
LOAD Drivers\STM32F1xx_HAL_Driver\stm32f1xx_hal_adc.o
LOAD Drivers\STM32F1xx_HAL_Driver\stm32f1xx_hal_adc_ex.o
LOAD Drivers\STM32F1xx_HAL_Driver\stm32f1xx_hal_cortex.o
LOAD Drivers\STM32F1xx_HAL_Driver\stm32f1xx_hal_dma.o
LOAD Drivers\STM32F1xx_HAL_Driver\stm32f1xx_hal_exti.o
LOAD Drivers\STM32F1xx_HAL_Driver\stm32f1xx_hal_flash.o
LOAD Drivers\STM32F1xx_HAL_Driver\stm32f1xx_hal_flash_ex.o
LOAD Drivers\STM32F1xx_HAL_Driver\stm32f1xx_hal_gpio.o
LOAD Drivers\STM32F1xx_HAL_Driver\stm32f1xx_hal_gpio_ex.o
LOAD Drivers\STM32F1xx_HAL_Driver\stm32f1xx_hal_i2c.o
LOAD Drivers\STM32F1xx_HAL_Driver\stm32f1xx_hal_pwr.o
LOAD Drivers\STM32F1xx_HAL_Driver\stm32f1xx_hal_rcc.o
LOAD Drivers\STM32F1xx_HAL_Driver\stm32f1xx_hal_rcc_ex.o
LOAD Drivers\STM32F1xx_HAL_Driver\stm32f1xx_hal_spi.o
LOAD Drivers\STM32F1xx_HAL_Driver\stm32f1xx_hal_tim.o
LOAD Drivers\STM32F1xx_HAL_Driver\stm32f1xx_hal_tim_ex.o
LOAD External_Library\Auto_Parking\auto_parking.o
LOAD External_Library\door_motor\door_motor.o
LOAD External_Library\gpio_dev\gpio_dev.o
LOAD External_Library\i2c_dev\i2c_dev.o
LOAD External_Library\lcd_i2c\lcd_i2c.o
LOAD External_Library\rc522_rfid\rcc522.o
LOAD External_Library\spi_dev\spi_dev.o
LOAD External_Library\stepper_motor_ctrl\stepper_ctrl.o
                0x00000080                malloc_getpagesize_P = 0x80
START GROUP
LOAD c:/program files (x86)/atollic/truestudio for stm32 9.3.0/armtools/bin/../lib/gcc/arm-atollic-eabi/6.3.1/../../../../arm-atollic-eabi/lib/armv7-m\libc_nano.a
LOAD c:/program files (x86)/atollic/truestudio for stm32 9.3.0/armtools/bin/../lib/gcc/arm-atollic-eabi/6.3.1/../../../../arm-atollic-eabi/lib/armv7-m\libm.a
END GROUP
START GROUP
LOAD c:/program files (x86)/atollic/truestudio for stm32 9.3.0/armtools/bin/../lib/gcc/arm-atollic-eabi/6.3.1/armv7-m\libgcc.a
LOAD c:/program files (x86)/atollic/truestudio for stm32 9.3.0/armtools/bin/../lib/gcc/arm-atollic-eabi/6.3.1/../../../../arm-atollic-eabi/lib/armv7-m\libc_nano.a
END GROUP
START GROUP
LOAD c:/program files (x86)/atollic/truestudio for stm32 9.3.0/armtools/bin/../lib/gcc/arm-atollic-eabi/6.3.1/armv7-m\libgcc.a
LOAD c:/program files (x86)/atollic/truestudio for stm32 9.3.0/armtools/bin/../lib/gcc/arm-atollic-eabi/6.3.1/../../../../arm-atollic-eabi/lib/armv7-m\libc_nano.a
LOAD c:/program files (x86)/atollic/truestudio for stm32 9.3.0/armtools/bin/../lib/gcc/arm-atollic-eabi/6.3.1/../../../../arm-atollic-eabi/lib/armv7-m\libnosys.a
END GROUP
START GROUP
LOAD c:/program files (x86)/atollic/truestudio for stm32 9.3.0/armtools/bin/../lib/gcc/arm-atollic-eabi/6.3.1/armv7-m\libgcc.a
LOAD c:/program files (x86)/atollic/truestudio for stm32 9.3.0/armtools/bin/../lib/gcc/arm-atollic-eabi/6.3.1/../../../../arm-atollic-eabi/lib/armv7-m\libc_nano.a
LOAD c:/program files (x86)/atollic/truestudio for stm32 9.3.0/armtools/bin/../lib/gcc/arm-atollic-eabi/6.3.1/../../../../arm-atollic-eabi/lib/armv7-m\libnosys.a
END GROUP
LOAD c:/program files (x86)/atollic/truestudio for stm32 9.3.0/armtools/bin/../lib/gcc/arm-atollic-eabi/6.3.1/armv7-m/crtend.o
LOAD c:/program files (x86)/atollic/truestudio for stm32 9.3.0/armtools/bin/../lib/gcc/arm-atollic-eabi/6.3.1/armv7-m/crtn.o
                0x20005000                _estack = 0x20005000
                0x00000200                _Min_Heap_Size = 0x200
                0x00000400                _Min_Stack_Size = 0x400

.isr_vector     0x08000000      0x10c
                0x08000000                . = ALIGN (0x4)
 *(.isr_vector)
 .isr_vector    0x08000000      0x10c Application\TrueSTUDIO\startup_stm32f103xb.o
                0x08000000                g_pfnVectors
                0x0800010c                . = ALIGN (0x4)

.text           0x0800010c     0x21ac
                0x0800010c                . = ALIGN (0x4)
 *(.text)
 .text          0x0800010c       0x40 c:/program files (x86)/atollic/truestudio for stm32 9.3.0/armtools/bin/../lib/gcc/arm-atollic-eabi/6.3.1/armv7-m/crtbegin.o
 *(.text*)
 .text.Reset_Handler
                0x0800014c       0x48 Application\TrueSTUDIO\startup_stm32f103xb.o
                0x0800014c                Reset_Handler
 .text.Default_Handler
                0x08000194        0x2 Application\TrueSTUDIO\startup_stm32f103xb.o
                0x08000194                RTC_Alarm_IRQHandler
                0x08000194                EXTI2_IRQHandler
                0x08000194                TIM1_CC_IRQHandler
                0x08000194                PVD_IRQHandler
                0x08000194                EXTI3_IRQHandler
                0x08000194                EXTI0_IRQHandler
                0x08000194                I2C2_EV_IRQHandler
                0x08000194                ADC1_2_IRQHandler
                0x08000194                SPI1_IRQHandler
                0x08000194                TAMPER_IRQHandler
                0x08000194                DMA1_Channel4_IRQHandler
                0x08000194                USART3_IRQHandler
                0x08000194                RTC_IRQHandler
                0x08000194                DMA1_Channel7_IRQHandler
                0x08000194                CAN1_RX1_IRQHandler
                0x08000194                TIM4_IRQHandler
                0x08000194                I2C1_EV_IRQHandler
                0x08000194                DMA1_Channel6_IRQHandler
                0x08000194                TIM3_IRQHandler
                0x08000194                RCC_IRQHandler
                0x08000194                TIM1_TRG_COM_IRQHandler
                0x08000194                DMA1_Channel1_IRQHandler
                0x08000194                Default_Handler
                0x08000194                EXTI15_10_IRQHandler
                0x08000194                EXTI9_5_IRQHandler
                0x08000194                SPI2_IRQHandler
                0x08000194                DMA1_Channel5_IRQHandler
                0x08000194                EXTI4_IRQHandler
                0x08000194                USB_LP_CAN1_RX0_IRQHandler
                0x08000194                USB_HP_CAN1_TX_IRQHandler
                0x08000194                DMA1_Channel3_IRQHandler
                0x08000194                TIM1_UP_IRQHandler
                0x08000194                WWDG_IRQHandler
                0x08000194                TIM2_IRQHandler
                0x08000194                TIM1_BRK_IRQHandler
                0x08000194                EXTI1_IRQHandler
                0x08000194                USART2_IRQHandler
                0x08000194                I2C2_ER_IRQHandler
                0x08000194                DMA1_Channel2_IRQHandler
                0x08000194                CAN1_SCE_IRQHandler
                0x08000194                FLASH_IRQHandler
                0x08000194                USART1_IRQHandler
                0x08000194                I2C1_ER_IRQHandler
                0x08000194                USBWakeUp_IRQHandler
 .text._read    0x08000196       0x1c Application\TrueSTUDIO\syscalls.o
                0x08000196                _read
 .text._write   0x080001b2       0x1c Application\TrueSTUDIO\syscalls.o
                0x080001b2                _write
 *fill*         0x080001ce        0x2 
 .text._sbrk    0x080001d0       0x34 Application\TrueSTUDIO\syscalls.o
                0x080001d0                _sbrk
 .text._close   0x08000204        0x6 Application\TrueSTUDIO\syscalls.o
                0x08000204                _close
 .text._fstat   0x0800020a        0xa Application\TrueSTUDIO\syscalls.o
                0x0800020a                _fstat
 .text._isatty  0x08000214        0x4 Application\TrueSTUDIO\syscalls.o
                0x08000214                _isatty
 .text._lseek   0x08000218        0x4 Application\TrueSTUDIO\syscalls.o
                0x08000218                _lseek
 .text.SystemClock_Config
                0x0800021c       0x6c Application\User\main.o
                0x0800021c                SystemClock_Config
 .text.startup.main
                0x08000288       0x84 Application\User\main.o
                0x08000288                main
 .text.Error_Handler
                0x0800030c        0x2 Application\User\main.o
                0x0800030c                Error_Handler
 *fill*         0x0800030e        0x2 
 .text.HAL_MspInit
                0x08000310       0x30 Application\User\stm32f1xx_hal_msp.o
                0x08000310                HAL_MspInit
 .text.HAL_I2C_MspInit
                0x08000340       0x64 Application\User\stm32f1xx_hal_msp.o
                0x08000340                HAL_I2C_MspInit
 .text.NMI_Handler
                0x080003a4        0x2 Application\User\stm32f1xx_it.o
                0x080003a4                NMI_Handler
 .text.HardFault_Handler
                0x080003a6        0x2 Application\User\stm32f1xx_it.o
                0x080003a6                HardFault_Handler
 .text.MemManage_Handler
                0x080003a8        0x2 Application\User\stm32f1xx_it.o
                0x080003a8                MemManage_Handler
 .text.BusFault_Handler
                0x080003aa        0x2 Application\User\stm32f1xx_it.o
                0x080003aa                BusFault_Handler
 .text.UsageFault_Handler
                0x080003ac        0x2 Application\User\stm32f1xx_it.o
                0x080003ac                UsageFault_Handler
 .text.SVC_Handler
                0x080003ae        0x2 Application\User\stm32f1xx_it.o
                0x080003ae                SVC_Handler
 .text.DebugMon_Handler
                0x080003b0        0x2 Application\User\stm32f1xx_it.o
                0x080003b0                DebugMon_Handler
 .text.PendSV_Handler
                0x080003b2        0x2 Application\User\stm32f1xx_it.o
                0x080003b2                PendSV_Handler
 .text.SysTick_Handler
                0x080003b4        0x4 Application\User\stm32f1xx_it.o
                0x080003b4                SysTick_Handler
 .text.SystemInit
                0x080003b8       0x4c Drivers\CMSIS\system_stm32f1xx.o
                0x080003b8                SystemInit
 .text.HAL_InitTick
                0x08000404       0x48 Drivers\STM32F1xx_HAL_Driver\stm32f1xx_hal.o
                0x08000404                HAL_InitTick
 .text.HAL_Init
                0x0800044c       0x24 Drivers\STM32F1xx_HAL_Driver\stm32f1xx_hal.o
                0x0800044c                HAL_Init
 .text.HAL_IncTick
                0x08000470       0x18 Drivers\STM32F1xx_HAL_Driver\stm32f1xx_hal.o
                0x08000470                HAL_IncTick
 .text.HAL_GetTick
                0x08000488        0xc Drivers\STM32F1xx_HAL_Driver\stm32f1xx_hal.o
                0x08000488                HAL_GetTick
 .text.HAL_Delay
                0x08000494       0x24 Drivers\STM32F1xx_HAL_Driver\stm32f1xx_hal.o
                0x08000494                HAL_Delay
 .text.HAL_NVIC_SetPriorityGrouping
                0x080004b8       0x24 Drivers\STM32F1xx_HAL_Driver\stm32f1xx_hal_cortex.o
                0x080004b8                HAL_NVIC_SetPriorityGrouping
 .text.HAL_NVIC_SetPriority
                0x080004dc       0x68 Drivers\STM32F1xx_HAL_Driver\stm32f1xx_hal_cortex.o
                0x080004dc                HAL_NVIC_SetPriority
 .text.HAL_SYSTICK_Config
                0x08000544       0x2c Drivers\STM32F1xx_HAL_Driver\stm32f1xx_hal_cortex.o
                0x08000544                HAL_SYSTICK_Config
 .text.HAL_GPIO_Init
                0x08000570      0x1c4 Drivers\STM32F1xx_HAL_Driver\stm32f1xx_hal_gpio.o
                0x08000570                HAL_GPIO_Init
 .text.HAL_GPIO_WritePin
                0x08000734        0xa Drivers\STM32F1xx_HAL_Driver\stm32f1xx_hal_gpio.o
                0x08000734                HAL_GPIO_WritePin
 .text.I2C_IsAcknowledgeFailed
                0x0800073e       0x32 Drivers\STM32F1xx_HAL_Driver\stm32f1xx_hal_i2c.o
 .text.I2C_WaitOnMasterAddressFlagUntilTimeout
                0x08000770       0x8a Drivers\STM32F1xx_HAL_Driver\stm32f1xx_hal_i2c.o
 .text.I2C_WaitOnBTFFlagUntilTimeout
                0x080007fa       0x4c Drivers\STM32F1xx_HAL_Driver\stm32f1xx_hal_i2c.o
 .text.I2C_WaitOnFlagUntilTimeout
                0x08000846       0x64 Drivers\STM32F1xx_HAL_Driver\stm32f1xx_hal_i2c.o
 .text.I2C_WaitOnTXEFlagUntilTimeout
                0x080008aa       0x4c Drivers\STM32F1xx_HAL_Driver\stm32f1xx_hal_i2c.o
 *fill*         0x080008f6        0x2 
 .text.HAL_I2C_Init
                0x080008f8      0x148 Drivers\STM32F1xx_HAL_Driver\stm32f1xx_hal_i2c.o
                0x080008f8                HAL_I2C_Init
 .text.HAL_I2C_Master_Transmit
                0x08000a40      0x19c Drivers\STM32F1xx_HAL_Driver\stm32f1xx_hal_i2c.o
                0x08000a40                HAL_I2C_Master_Transmit
 .text.HAL_RCC_OscConfig
                0x08000bdc      0x33c Drivers\STM32F1xx_HAL_Driver\stm32f1xx_hal_rcc.o
                0x08000bdc                HAL_RCC_OscConfig
 .text.HAL_RCC_GetSysClockFreq
                0x08000f18       0x78 Drivers\STM32F1xx_HAL_Driver\stm32f1xx_hal_rcc.o
                0x08000f18                HAL_RCC_GetSysClockFreq
 .text.HAL_RCC_ClockConfig
                0x08000f90      0x13c Drivers\STM32F1xx_HAL_Driver\stm32f1xx_hal_rcc.o
                0x08000f90                HAL_RCC_ClockConfig
 .text.HAL_RCC_GetPCLK1Freq
                0x080010cc       0x20 Drivers\STM32F1xx_HAL_Driver\stm32f1xx_hal_rcc.o
                0x080010cc                HAL_RCC_GetPCLK1Freq
 .text.HAL_RCCEx_PeriphCLKConfig
                0x080010ec       0xf0 Drivers\STM32F1xx_HAL_Driver\stm32f1xx_hal_rcc_ex.o
                0x080010ec                HAL_RCCEx_PeriphCLKConfig
 .text.GPIO_Init
                0x080011dc       0xf4 External_Library\gpio_dev\gpio_dev.o
                0x080011dc                GPIO_Init
 .text.I2C_init
                0x080012d0       0x40 External_Library\i2c_dev\i2c_dev.o
                0x080012d0                I2C_init
 .text.I2C_send_data
                0x08001310       0x1c External_Library\i2c_dev\i2c_dev.o
                0x08001310                I2C_send_data
 .text.lcd_send_cmd
                0x0800132c       0x3c External_Library\lcd_i2c\lcd_i2c.o
                0x0800132c                lcd_send_cmd
 .text.lcd_send_data
                0x08001368       0x3c External_Library\lcd_i2c\lcd_i2c.o
                0x08001368                lcd_send_data
 .text.lcd_init
                0x080013a4       0x64 External_Library\lcd_i2c\lcd_i2c.o
                0x080013a4                lcd_init
 .text.lcd_send_string
                0x08001408       0x12 External_Library\lcd_i2c\lcd_i2c.o
                0x08001408                lcd_send_string
 .text.lcd_goto_XY
                0x0800141a       0x18 External_Library\lcd_i2c\lcd_i2c.o
                0x0800141a                lcd_goto_XY
 *fill*         0x08001432        0x2 
 .text.__errno  0x08001434        0xc c:/program files (x86)/atollic/truestudio for stm32 9.3.0/armtools/bin/../lib/gcc/arm-atollic-eabi/6.3.1/../../../../arm-atollic-eabi/lib/armv7-m\libc_nano.a(lib_a-errno.o)
                0x08001434                __errno
 .text.__libc_init_array
                0x08001440       0x48 c:/program files (x86)/atollic/truestudio for stm32 9.3.0/armtools/bin/../lib/gcc/arm-atollic-eabi/6.3.1/../../../../arm-atollic-eabi/lib/armv7-m\libc_nano.a(lib_a-init.o)
                0x08001440                __libc_init_array
 .text.memset   0x08001488       0x10 c:/program files (x86)/atollic/truestudio for stm32 9.3.0/armtools/bin/../lib/gcc/arm-atollic-eabi/6.3.1/../../../../arm-atollic-eabi/lib/armv7-m\libc_nano.a(lib_a-memset.o)
                0x08001488                memset
 .text.printf   0x08001498       0x30 c:/program files (x86)/atollic/truestudio for stm32 9.3.0/armtools/bin/../lib/gcc/arm-atollic-eabi/6.3.1/../../../../arm-atollic-eabi/lib/armv7-m\libc_nano.a(lib_a-printf.o)
                0x08001498                iprintf
                0x08001498                printf
 .text._cleanup_r
                0x080014c8        0xc c:/program files (x86)/atollic/truestudio for stm32 9.3.0/armtools/bin/../lib/gcc/arm-atollic-eabi/6.3.1/../../../../arm-atollic-eabi/lib/armv7-m\libc_nano.a(lib_a-findfp.o)
                0x080014c8                _cleanup_r
 .text.std.isra.0
                0x080014d4       0x48 c:/program files (x86)/atollic/truestudio for stm32 9.3.0/armtools/bin/../lib/gcc/arm-atollic-eabi/6.3.1/../../../../arm-atollic-eabi/lib/armv7-m\libc_nano.a(lib_a-findfp.o)
 .text.__sfmoreglue
                0x0800151c       0x2c c:/program files (x86)/atollic/truestudio for stm32 9.3.0/armtools/bin/../lib/gcc/arm-atollic-eabi/6.3.1/../../../../arm-atollic-eabi/lib/armv7-m\libc_nano.a(lib_a-findfp.o)
                0x0800151c                __sfmoreglue
 .text.__sinit  0x08001548       0x60 c:/program files (x86)/atollic/truestudio for stm32 9.3.0/armtools/bin/../lib/gcc/arm-atollic-eabi/6.3.1/../../../../arm-atollic-eabi/lib/armv7-m\libc_nano.a(lib_a-findfp.o)
                0x08001548                __sinit
 .text.__sfp    0x080015a8       0x78 c:/program files (x86)/atollic/truestudio for stm32 9.3.0/armtools/bin/../lib/gcc/arm-atollic-eabi/6.3.1/../../../../arm-atollic-eabi/lib/armv7-m\libc_nano.a(lib_a-findfp.o)
                0x080015a8                __sfp
 .text._fwalk_reent
                0x08001620       0x3c c:/program files (x86)/atollic/truestudio for stm32 9.3.0/armtools/bin/../lib/gcc/arm-atollic-eabi/6.3.1/../../../../arm-atollic-eabi/lib/armv7-m\libc_nano.a(lib_a-fwalk.o)
                0x08001620                _fwalk_reent
 .text._malloc_r
                0x0800165c       0xbc c:/program files (x86)/atollic/truestudio for stm32 9.3.0/armtools/bin/../lib/gcc/arm-atollic-eabi/6.3.1/../../../../arm-atollic-eabi/lib/armv7-m\libc_nano.a(lib_a-nano-mallocr.o)
                0x0800165c                _malloc_r
 .text.__sfputc_r
                0x08001718       0x2c c:/program files (x86)/atollic/truestudio for stm32 9.3.0/armtools/bin/../lib/gcc/arm-atollic-eabi/6.3.1/../../../../arm-atollic-eabi/lib/armv7-m\libc_nano.a(lib_a-nano-vfprintf.o)
 .text.__sfputs_r
                0x08001744       0x24 c:/program files (x86)/atollic/truestudio for stm32 9.3.0/armtools/bin/../lib/gcc/arm-atollic-eabi/6.3.1/../../../../arm-atollic-eabi/lib/armv7-m\libc_nano.a(lib_a-nano-vfprintf.o)
                0x08001744                __sfputs_r
 .text._vfprintf_r
                0x08001768      0x22c c:/program files (x86)/atollic/truestudio for stm32 9.3.0/armtools/bin/../lib/gcc/arm-atollic-eabi/6.3.1/../../../../arm-atollic-eabi/lib/armv7-m\libc_nano.a(lib_a-nano-vfprintf.o)
                0x08001768                _vfprintf_r
                0x08001768                _vfiprintf_r
 .text._printf_common
                0x08001994       0xee c:/program files (x86)/atollic/truestudio for stm32 9.3.0/armtools/bin/../lib/gcc/arm-atollic-eabi/6.3.1/../../../../arm-atollic-eabi/lib/armv7-m\libc_nano.a(lib_a-nano-vfprintf_i.o)
                0x08001994                _printf_common
 *fill*         0x08001a82        0x2 
 .text._printf_i
                0x08001a84      0x240 c:/program files (x86)/atollic/truestudio for stm32 9.3.0/armtools/bin/../lib/gcc/arm-atollic-eabi/6.3.1/../../../../arm-atollic-eabi/lib/armv7-m\libc_nano.a(lib_a-nano-vfprintf_i.o)
                0x08001a84                _printf_i
 .text._sbrk_r  0x08001cc4       0x20 c:/program files (x86)/atollic/truestudio for stm32 9.3.0/armtools/bin/../lib/gcc/arm-atollic-eabi/6.3.1/../../../../arm-atollic-eabi/lib/armv7-m\libc_nano.a(lib_a-sbrkr.o)
                0x08001cc4                _sbrk_r
 .text.__sread  0x08001ce4       0x22 c:/program files (x86)/atollic/truestudio for stm32 9.3.0/armtools/bin/../lib/gcc/arm-atollic-eabi/6.3.1/../../../../arm-atollic-eabi/lib/armv7-m\libc_nano.a(lib_a-stdio.o)
                0x08001ce4                __sread
 .text.__swrite
                0x08001d06       0x38 c:/program files (x86)/atollic/truestudio for stm32 9.3.0/armtools/bin/../lib/gcc/arm-atollic-eabi/6.3.1/../../../../arm-atollic-eabi/lib/armv7-m\libc_nano.a(lib_a-stdio.o)
                0x08001d06                __swrite
 .text.__sseek  0x08001d3e       0x24 c:/program files (x86)/atollic/truestudio for stm32 9.3.0/armtools/bin/../lib/gcc/arm-atollic-eabi/6.3.1/../../../../arm-atollic-eabi/lib/armv7-m\libc_nano.a(lib_a-stdio.o)
                0x08001d3e                __sseek
 .text.__sclose
                0x08001d62        0x8 c:/program files (x86)/atollic/truestudio for stm32 9.3.0/armtools/bin/../lib/gcc/arm-atollic-eabi/6.3.1/../../../../arm-atollic-eabi/lib/armv7-m\libc_nano.a(lib_a-stdio.o)
                0x08001d62                __sclose
 *fill*         0x08001d6a        0x2 
 .text.__swbuf_r
                0x08001d6c       0xa4 c:/program files (x86)/atollic/truestudio for stm32 9.3.0/armtools/bin/../lib/gcc/arm-atollic-eabi/6.3.1/../../../../arm-atollic-eabi/lib/armv7-m\libc_nano.a(lib_a-wbuf.o)
                0x08001d6c                __swbuf_r
 .text._write_r
                0x08001e10       0x24 c:/program files (x86)/atollic/truestudio for stm32 9.3.0/armtools/bin/../lib/gcc/arm-atollic-eabi/6.3.1/../../../../arm-atollic-eabi/lib/armv7-m\libc_nano.a(lib_a-writer.o)
                0x08001e10                _write_r
 .text.__swsetup_r
                0x08001e34       0xdc c:/program files (x86)/atollic/truestudio for stm32 9.3.0/armtools/bin/../lib/gcc/arm-atollic-eabi/6.3.1/../../../../arm-atollic-eabi/lib/armv7-m\libc_nano.a(lib_a-wsetup.o)
                0x08001e34                __swsetup_r
 .text._close_r
                0x08001f10       0x20 c:/program files (x86)/atollic/truestudio for stm32 9.3.0/armtools/bin/../lib/gcc/arm-atollic-eabi/6.3.1/../../../../arm-atollic-eabi/lib/armv7-m\libc_nano.a(lib_a-closer.o)
                0x08001f10                _close_r
 .text.__sflush_r
                0x08001f30      0x110 c:/program files (x86)/atollic/truestudio for stm32 9.3.0/armtools/bin/../lib/gcc/arm-atollic-eabi/6.3.1/../../../../arm-atollic-eabi/lib/armv7-m\libc_nano.a(lib_a-fflush.o)
                0x08001f30                __sflush_r
 .text._fflush_r
                0x08002040       0x54 c:/program files (x86)/atollic/truestudio for stm32 9.3.0/armtools/bin/../lib/gcc/arm-atollic-eabi/6.3.1/../../../../arm-atollic-eabi/lib/armv7-m\libc_nano.a(lib_a-fflush.o)
                0x08002040                _fflush_r
 .text._lseek_r
                0x08002094       0x24 c:/program files (x86)/atollic/truestudio for stm32 9.3.0/armtools/bin/../lib/gcc/arm-atollic-eabi/6.3.1/../../../../arm-atollic-eabi/lib/armv7-m\libc_nano.a(lib_a-lseekr.o)
                0x08002094                _lseek_r
 .text.__swhatbuf_r
                0x080020b8       0x48 c:/program files (x86)/atollic/truestudio for stm32 9.3.0/armtools/bin/../lib/gcc/arm-atollic-eabi/6.3.1/../../../../arm-atollic-eabi/lib/armv7-m\libc_nano.a(lib_a-makebuf.o)
                0x080020b8                __swhatbuf_r
 .text.__smakebuf_r
                0x08002100       0x80 c:/program files (x86)/atollic/truestudio for stm32 9.3.0/armtools/bin/../lib/gcc/arm-atollic-eabi/6.3.1/../../../../arm-atollic-eabi/lib/armv7-m\libc_nano.a(lib_a-makebuf.o)
                0x08002100                __smakebuf_r
 .text.memchr   0x08002180       0x1c c:/program files (x86)/atollic/truestudio for stm32 9.3.0/armtools/bin/../lib/gcc/arm-atollic-eabi/6.3.1/../../../../arm-atollic-eabi/lib/armv7-m\libc_nano.a(lib_a-memchr-stub.o)
                0x08002180                memchr
 .text.__malloc_lock
                0x0800219c        0x2 c:/program files (x86)/atollic/truestudio for stm32 9.3.0/armtools/bin/../lib/gcc/arm-atollic-eabi/6.3.1/../../../../arm-atollic-eabi/lib/armv7-m\libc_nano.a(lib_a-mlock.o)
                0x0800219c                __malloc_lock
 .text.__malloc_unlock
                0x0800219e        0x2 c:/program files (x86)/atollic/truestudio for stm32 9.3.0/armtools/bin/../lib/gcc/arm-atollic-eabi/6.3.1/../../../../arm-atollic-eabi/lib/armv7-m\libc_nano.a(lib_a-mlock.o)
                0x0800219e                __malloc_unlock
 .text._free_r  0x080021a0       0x98 c:/program files (x86)/atollic/truestudio for stm32 9.3.0/armtools/bin/../lib/gcc/arm-atollic-eabi/6.3.1/../../../../arm-atollic-eabi/lib/armv7-m\libc_nano.a(lib_a-nano-freer.o)
                0x080021a0                _free_r
 .text._read_r  0x08002238       0x24 c:/program files (x86)/atollic/truestudio for stm32 9.3.0/armtools/bin/../lib/gcc/arm-atollic-eabi/6.3.1/../../../../arm-atollic-eabi/lib/armv7-m\libc_nano.a(lib_a-readr.o)
                0x08002238                _read_r
 .text._fstat_r
                0x0800225c       0x24 c:/program files (x86)/atollic/truestudio for stm32 9.3.0/armtools/bin/../lib/gcc/arm-atollic-eabi/6.3.1/../../../../arm-atollic-eabi/lib/armv7-m\libc_nano.a(lib_a-fstatr.o)
                0x0800225c                _fstat_r
 .text._isatty_r
                0x08002280       0x20 c:/program files (x86)/atollic/truestudio for stm32 9.3.0/armtools/bin/../lib/gcc/arm-atollic-eabi/6.3.1/../../../../arm-atollic-eabi/lib/armv7-m\libc_nano.a(lib_a-isattyr.o)
                0x08002280                _isatty_r
 *(.glue_7)
 .glue_7        0x080022a0        0x0 linker stubs
 *(.glue_7t)
 .glue_7t       0x080022a0        0x0 linker stubs
 *(.eh_frame)
 .eh_frame      0x080022a0        0x0 c:/program files (x86)/atollic/truestudio for stm32 9.3.0/armtools/bin/../lib/gcc/arm-atollic-eabi/6.3.1/armv7-m/crtbegin.o
 *(.init)
 .init          0x080022a0        0x4 c:/program files (x86)/atollic/truestudio for stm32 9.3.0/armtools/bin/../lib/gcc/arm-atollic-eabi/6.3.1/armv7-m/crti.o
                0x080022a0                _init
 .init          0x080022a4        0x8 c:/program files (x86)/atollic/truestudio for stm32 9.3.0/armtools/bin/../lib/gcc/arm-atollic-eabi/6.3.1/armv7-m/crtn.o
 *(.fini)
 .fini          0x080022ac        0x4 c:/program files (x86)/atollic/truestudio for stm32 9.3.0/armtools/bin/../lib/gcc/arm-atollic-eabi/6.3.1/armv7-m/crti.o
                0x080022ac                _fini
 .fini          0x080022b0        0x8 c:/program files (x86)/atollic/truestudio for stm32 9.3.0/armtools/bin/../lib/gcc/arm-atollic-eabi/6.3.1/armv7-m/crtn.o
                0x080022b8                . = ALIGN (0x4)
                0x080022b8                _etext = .

.vfp11_veneer   0x080022b8        0x0
 .vfp11_veneer  0x080022b8        0x0 linker stubs

.v4_bx          0x080022b8        0x0
 .v4_bx         0x080022b8        0x0 linker stubs

.iplt           0x080022b8        0x0
 .iplt          0x080022b8        0x0 c:/program files (x86)/atollic/truestudio for stm32 9.3.0/armtools/bin/../lib/gcc/arm-atollic-eabi/6.3.1/armv7-m/crtbegin.o

.rodata         0x080022b8       0xe4
                0x080022b8                . = ALIGN (0x4)
 *(.rodata)
 .rodata        0x080022b8       0x10 Drivers\STM32F1xx_HAL_Driver\stm32f1xx_hal_rcc.o
 *(.rodata*)
 .rodata.main.str1.1
                0x080022c8       0x21 Application\User\main.o
 .rodata.AHBPrescTable
                0x080022e9       0x10 Drivers\CMSIS\system_stm32f1xx.o
                0x080022e9                AHBPrescTable
 .rodata.APBPrescTable
                0x080022f9        0x8 Drivers\CMSIS\system_stm32f1xx.o
                0x080022f9                APBPrescTable
 *fill*         0x08002301        0x3 
 .rodata._global_impure_ptr
                0x08002304        0x4 c:/program files (x86)/atollic/truestudio for stm32 9.3.0/armtools/bin/../lib/gcc/arm-atollic-eabi/6.3.1/../../../../arm-atollic-eabi/lib/armv7-m\libc_nano.a(lib_a-impure.o)
                0x08002304                _global_impure_ptr
 .rodata.__sf_fake_stderr
                0x08002308       0x20 c:/program files (x86)/atollic/truestudio for stm32 9.3.0/armtools/bin/../lib/gcc/arm-atollic-eabi/6.3.1/../../../../arm-atollic-eabi/lib/armv7-m\libc_nano.a(lib_a-findfp.o)
                0x08002308                __sf_fake_stderr
 .rodata.__sf_fake_stdin
                0x08002328       0x20 c:/program files (x86)/atollic/truestudio for stm32 9.3.0/armtools/bin/../lib/gcc/arm-atollic-eabi/6.3.1/../../../../arm-atollic-eabi/lib/armv7-m\libc_nano.a(lib_a-findfp.o)
                0x08002328                __sf_fake_stdin
 .rodata.__sf_fake_stdout
                0x08002348       0x20 c:/program files (x86)/atollic/truestudio for stm32 9.3.0/armtools/bin/../lib/gcc/arm-atollic-eabi/6.3.1/../../../../arm-atollic-eabi/lib/armv7-m\libc_nano.a(lib_a-findfp.o)
                0x08002348                __sf_fake_stdout
 .rodata._vfprintf_r.str1.1
                0x08002368       0x11 c:/program files (x86)/atollic/truestudio for stm32 9.3.0/armtools/bin/../lib/gcc/arm-atollic-eabi/6.3.1/../../../../arm-atollic-eabi/lib/armv7-m\libc_nano.a(lib_a-nano-vfprintf.o)
 .rodata._printf_i.str1.1
                0x08002379       0x22 c:/program files (x86)/atollic/truestudio for stm32 9.3.0/armtools/bin/../lib/gcc/arm-atollic-eabi/6.3.1/../../../../arm-atollic-eabi/lib/armv7-m\libc_nano.a(lib_a-nano-vfprintf_i.o)
                0x0800239c                . = ALIGN (0x4)
 *fill*         0x0800239b        0x1 

.rel.dyn        0x0800239c        0x0
 .rel.iplt      0x0800239c        0x0 c:/program files (x86)/atollic/truestudio for stm32 9.3.0/armtools/bin/../lib/gcc/arm-atollic-eabi/6.3.1/armv7-m/crtbegin.o

.ARM.extab
 *(.ARM.extab* .gnu.linkonce.armextab.*)

.ARM            0x0800239c        0x0
                0x0800239c                __exidx_start = .
 *(.ARM.exidx*)
                0x0800239c                __exidx_end = .

.preinit_array  0x0800239c        0x0
                0x0800239c                PROVIDE (__preinit_array_start, .)
 *(.preinit_array*)
                0x0800239c                PROVIDE (__preinit_array_end, .)

.init_array     0x0800239c        0x4
                0x0800239c                PROVIDE (__init_array_start, .)
 *(SORT(.init_array.*))
 *(.init_array*)
 .init_array    0x0800239c        0x4 c:/program files (x86)/atollic/truestudio for stm32 9.3.0/armtools/bin/../lib/gcc/arm-atollic-eabi/6.3.1/armv7-m/crtbegin.o
                0x080023a0                PROVIDE (__init_array_end, .)

.fini_array     0x080023a0        0x4
                [!provide]                PROVIDE (__fini_array_start, .)
 *(SORT(.fini_array.*))
 *(.fini_array*)
 .fini_array    0x080023a0        0x4 c:/program files (x86)/atollic/truestudio for stm32 9.3.0/armtools/bin/../lib/gcc/arm-atollic-eabi/6.3.1/armv7-m/crtbegin.o
                [!provide]                PROVIDE (__fini_array_end, .)
                0x080023a4                _sidata = LOADADDR (.data)

.data           0x20000000       0x70 load address 0x080023a4
                0x20000000                . = ALIGN (0x4)
                0x20000000                _sdata = .
 *(.data)
 *(.data*)
 .data.SystemCoreClock
                0x20000000        0x4 Drivers\CMSIS\system_stm32f1xx.o
                0x20000000                SystemCoreClock
 .data.uwTickFreq
                0x20000004        0x1 Drivers\STM32F1xx_HAL_Driver\stm32f1xx_hal.o
                0x20000004                uwTickFreq
 *fill*         0x20000005        0x3 
 .data.uwTickPrio
                0x20000008        0x4 Drivers\STM32F1xx_HAL_Driver\stm32f1xx_hal.o
                0x20000008                uwTickPrio
 .data._impure_ptr
                0x2000000c        0x4 c:/program files (x86)/atollic/truestudio for stm32 9.3.0/armtools/bin/../lib/gcc/arm-atollic-eabi/6.3.1/../../../../arm-atollic-eabi/lib/armv7-m\libc_nano.a(lib_a-impure.o)
                0x2000000c                _impure_ptr
 .data.impure_data
                0x20000010       0x60 c:/program files (x86)/atollic/truestudio for stm32 9.3.0/armtools/bin/../lib/gcc/arm-atollic-eabi/6.3.1/../../../../arm-atollic-eabi/lib/armv7-m\libc_nano.a(lib_a-impure.o)
                0x20000070                . = ALIGN (0x4)
                0x20000070                _edata = .

.igot.plt       0x20000070        0x0 load address 0x08002414
 .igot.plt      0x20000070        0x0 c:/program files (x86)/atollic/truestudio for stm32 9.3.0/armtools/bin/../lib/gcc/arm-atollic-eabi/6.3.1/armv7-m/crtbegin.o
                0x20000070                . = ALIGN (0x4)

.bss            0x20000070      0x11c load address 0x08002414
                0x20000070                _sbss = .
                0x20000070                __bss_start__ = _sbss
 *(.bss)
 .bss           0x20000070       0x1c c:/program files (x86)/atollic/truestudio for stm32 9.3.0/armtools/bin/../lib/gcc/arm-atollic-eabi/6.3.1/armv7-m/crtbegin.o
 *(.bss*)
 .bss.heap_end.5887
                0x2000008c        0x4 Application\TrueSTUDIO\syscalls.o
 .bss.hi2c_ctrl
                0x20000090       0x54 External_Library\i2c_dev\i2c_dev.o
 .bss.__malloc_free_list
                0x200000e4        0x4 c:/program files (x86)/atollic/truestudio for stm32 9.3.0/armtools/bin/../lib/gcc/arm-atollic-eabi/6.3.1/../../../../arm-atollic-eabi/lib/armv7-m\libc_nano.a(lib_a-nano-mallocr.o)
                0x200000e4                __malloc_free_list
 .bss.__malloc_sbrk_start
                0x200000e8        0x4 c:/program files (x86)/atollic/truestudio for stm32 9.3.0/armtools/bin/../lib/gcc/arm-atollic-eabi/6.3.1/../../../../arm-atollic-eabi/lib/armv7-m\libc_nano.a(lib_a-nano-mallocr.o)
                0x200000e8                __malloc_sbrk_start
 *(COMMON)
 COMMON         0x200000ec       0x98 Application\User\main.o
                0x200000ec                node_base
                0x20000104                card_id
                0x2000010c                node_2
                0x20000124                node_5
                0x2000013c                node_3
                0x20000154                node_4
                0x2000016c                node_1
 COMMON         0x20000184        0x4 Drivers\STM32F1xx_HAL_Driver\stm32f1xx_hal.o
                0x20000184                uwTick
 COMMON         0x20000188        0x4 c:/program files (x86)/atollic/truestudio for stm32 9.3.0/armtools/bin/../lib/gcc/arm-atollic-eabi/6.3.1/../../../../arm-atollic-eabi/lib/armv7-m\libc_nano.a(lib_a-reent.o)
                0x20000188                errno
                0x2000018c                . = ALIGN (0x4)
                0x2000018c                _ebss = .
                0x2000018c                __bss_end__ = _ebss

._user_heap_stack
                0x2000018c      0x600 load address 0x08002414
                0x2000018c                . = ALIGN (0x4)
                0x2000018c                PROVIDE (end, .)
                [!provide]                PROVIDE (_end, .)
                0x2000038c                . = (. + _Min_Heap_Size)
 *fill*         0x2000018c      0x200 
                0x2000078c                . = (. + _Min_Stack_Size)
 *fill*         0x2000038c      0x400 
                0x2000078c                . = ALIGN (0x4)

/DISCARD/
 libc.a(*)
 libm.a(*)
 libgcc.a(*)

.ARM.attributes
                0x00000000       0x29
 *(.ARM.attributes)
 .ARM.attributes
                0x00000000       0x1d c:/program files (x86)/atollic/truestudio for stm32 9.3.0/armtools/bin/../lib/gcc/arm-atollic-eabi/6.3.1/armv7-m/crti.o
 .ARM.attributes
                0x0000001d       0x2d c:/program files (x86)/atollic/truestudio for stm32 9.3.0/armtools/bin/../lib/gcc/arm-atollic-eabi/6.3.1/armv7-m/crtbegin.o
 .ARM.attributes
                0x0000004a       0x21 Application\TrueSTUDIO\startup_stm32f103xb.o
 .ARM.attributes
                0x0000006b       0x33 Application\TrueSTUDIO\syscalls.o
 .ARM.attributes
                0x0000009e       0x33 Application\User\main.o
 .ARM.attributes
                0x000000d1       0x33 Application\User\stm32f1xx_hal_msp.o
 .ARM.attributes
                0x00000104       0x33 Application\User\stm32f1xx_it.o
 .ARM.attributes
                0x00000137       0x33 Drivers\CMSIS\system_stm32f1xx.o
 .ARM.attributes
                0x0000016a       0x33 Drivers\STM32F1xx_HAL_Driver\stm32f1xx_hal.o
 .ARM.attributes
                0x0000019d       0x33 Drivers\STM32F1xx_HAL_Driver\stm32f1xx_hal_cortex.o
 .ARM.attributes
                0x000001d0       0x33 Drivers\STM32F1xx_HAL_Driver\stm32f1xx_hal_gpio.o
 .ARM.attributes
                0x00000203       0x33 Drivers\STM32F1xx_HAL_Driver\stm32f1xx_hal_i2c.o
 .ARM.attributes
                0x00000236       0x33 Drivers\STM32F1xx_HAL_Driver\stm32f1xx_hal_rcc.o
 .ARM.attributes
                0x00000269       0x33 Drivers\STM32F1xx_HAL_Driver\stm32f1xx_hal_rcc_ex.o
 .ARM.attributes
                0x0000029c       0x33 External_Library\gpio_dev\gpio_dev.o
 .ARM.attributes
                0x000002cf       0x33 External_Library\i2c_dev\i2c_dev.o
 .ARM.attributes
                0x00000302       0x33 External_Library\lcd_i2c\lcd_i2c.o
 .ARM.attributes
                0x00000335       0x2d c:/program files (x86)/atollic/truestudio for stm32 9.3.0/armtools/bin/../lib/gcc/arm-atollic-eabi/6.3.1/../../../../arm-atollic-eabi/lib/armv7-m\libc_nano.a(lib_a-errno.o)
 .ARM.attributes
                0x00000362       0x2d c:/program files (x86)/atollic/truestudio for stm32 9.3.0/armtools/bin/../lib/gcc/arm-atollic-eabi/6.3.1/../../../../arm-atollic-eabi/lib/armv7-m\libc_nano.a(lib_a-impure.o)
 .ARM.attributes
                0x0000038f       0x2d c:/program files (x86)/atollic/truestudio for stm32 9.3.0/armtools/bin/../lib/gcc/arm-atollic-eabi/6.3.1/../../../../arm-atollic-eabi/lib/armv7-m\libc_nano.a(lib_a-init.o)
 .ARM.attributes
                0x000003bc       0x2d c:/program files (x86)/atollic/truestudio for stm32 9.3.0/armtools/bin/../lib/gcc/arm-atollic-eabi/6.3.1/../../../../arm-atollic-eabi/lib/armv7-m\libc_nano.a(lib_a-memset.o)
 .ARM.attributes
                0x000003e9       0x2d c:/program files (x86)/atollic/truestudio for stm32 9.3.0/armtools/bin/../lib/gcc/arm-atollic-eabi/6.3.1/../../../../arm-atollic-eabi/lib/armv7-m\libc_nano.a(lib_a-printf.o)
 .ARM.attributes
                0x00000416       0x2d c:/program files (x86)/atollic/truestudio for stm32 9.3.0/armtools/bin/../lib/gcc/arm-atollic-eabi/6.3.1/../../../../arm-atollic-eabi/lib/armv7-m\libc_nano.a(lib_a-findfp.o)
 .ARM.attributes
                0x00000443       0x2d c:/program files (x86)/atollic/truestudio for stm32 9.3.0/armtools/bin/../lib/gcc/arm-atollic-eabi/6.3.1/../../../../arm-atollic-eabi/lib/armv7-m\libc_nano.a(lib_a-fwalk.o)
 .ARM.attributes
                0x00000470       0x2d c:/program files (x86)/atollic/truestudio for stm32 9.3.0/armtools/bin/../lib/gcc/arm-atollic-eabi/6.3.1/../../../../arm-atollic-eabi/lib/armv7-m\libc_nano.a(lib_a-nano-mallocr.o)
 .ARM.attributes
                0x0000049d       0x2d c:/program files (x86)/atollic/truestudio for stm32 9.3.0/armtools/bin/../lib/gcc/arm-atollic-eabi/6.3.1/../../../../arm-atollic-eabi/lib/armv7-m\libc_nano.a(lib_a-nano-vfprintf.o)
 .ARM.attributes
                0x000004ca       0x2d c:/program files (x86)/atollic/truestudio for stm32 9.3.0/armtools/bin/../lib/gcc/arm-atollic-eabi/6.3.1/../../../../arm-atollic-eabi/lib/armv7-m\libc_nano.a(lib_a-nano-vfprintf_i.o)
 .ARM.attributes
                0x000004f7       0x2d c:/program files (x86)/atollic/truestudio for stm32 9.3.0/armtools/bin/../lib/gcc/arm-atollic-eabi/6.3.1/../../../../arm-atollic-eabi/lib/armv7-m\libc_nano.a(lib_a-sbrkr.o)
 .ARM.attributes
                0x00000524       0x2d c:/program files (x86)/atollic/truestudio for stm32 9.3.0/armtools/bin/../lib/gcc/arm-atollic-eabi/6.3.1/../../../../arm-atollic-eabi/lib/armv7-m\libc_nano.a(lib_a-stdio.o)
 .ARM.attributes
                0x00000551       0x2d c:/program files (x86)/atollic/truestudio for stm32 9.3.0/armtools/bin/../lib/gcc/arm-atollic-eabi/6.3.1/../../../../arm-atollic-eabi/lib/armv7-m\libc_nano.a(lib_a-wbuf.o)
 .ARM.attributes
                0x0000057e       0x2d c:/program files (x86)/atollic/truestudio for stm32 9.3.0/armtools/bin/../lib/gcc/arm-atollic-eabi/6.3.1/../../../../arm-atollic-eabi/lib/armv7-m\libc_nano.a(lib_a-writer.o)
 .ARM.attributes
                0x000005ab       0x2d c:/program files (x86)/atollic/truestudio for stm32 9.3.0/armtools/bin/../lib/gcc/arm-atollic-eabi/6.3.1/../../../../arm-atollic-eabi/lib/armv7-m\libc_nano.a(lib_a-wsetup.o)
 .ARM.attributes
                0x000005d8       0x2d c:/program files (x86)/atollic/truestudio for stm32 9.3.0/armtools/bin/../lib/gcc/arm-atollic-eabi/6.3.1/../../../../arm-atollic-eabi/lib/armv7-m\libc_nano.a(lib_a-closer.o)
 .ARM.attributes
                0x00000605       0x2d c:/program files (x86)/atollic/truestudio for stm32 9.3.0/armtools/bin/../lib/gcc/arm-atollic-eabi/6.3.1/../../../../arm-atollic-eabi/lib/armv7-m\libc_nano.a(lib_a-fflush.o)
 .ARM.attributes
                0x00000632       0x2d c:/program files (x86)/atollic/truestudio for stm32 9.3.0/armtools/bin/../lib/gcc/arm-atollic-eabi/6.3.1/../../../../arm-atollic-eabi/lib/armv7-m\libc_nano.a(lib_a-lseekr.o)
 .ARM.attributes
                0x0000065f       0x2d c:/program files (x86)/atollic/truestudio for stm32 9.3.0/armtools/bin/../lib/gcc/arm-atollic-eabi/6.3.1/../../../../arm-atollic-eabi/lib/armv7-m\libc_nano.a(lib_a-makebuf.o)
 .ARM.attributes
                0x0000068c       0x2d c:/program files (x86)/atollic/truestudio for stm32 9.3.0/armtools/bin/../lib/gcc/arm-atollic-eabi/6.3.1/../../../../arm-atollic-eabi/lib/armv7-m\libc_nano.a(lib_a-memchr-stub.o)
 .ARM.attributes
                0x000006b9       0x2d c:/program files (x86)/atollic/truestudio for stm32 9.3.0/armtools/bin/../lib/gcc/arm-atollic-eabi/6.3.1/../../../../arm-atollic-eabi/lib/armv7-m\libc_nano.a(lib_a-mlock.o)
 .ARM.attributes
                0x000006e6       0x2d c:/program files (x86)/atollic/truestudio for stm32 9.3.0/armtools/bin/../lib/gcc/arm-atollic-eabi/6.3.1/../../../../arm-atollic-eabi/lib/armv7-m\libc_nano.a(lib_a-nano-freer.o)
 .ARM.attributes
                0x00000713       0x2d c:/program files (x86)/atollic/truestudio for stm32 9.3.0/armtools/bin/../lib/gcc/arm-atollic-eabi/6.3.1/../../../../arm-atollic-eabi/lib/armv7-m\libc_nano.a(lib_a-readr.o)
 .ARM.attributes
                0x00000740       0x2d c:/program files (x86)/atollic/truestudio for stm32 9.3.0/armtools/bin/../lib/gcc/arm-atollic-eabi/6.3.1/../../../../arm-atollic-eabi/lib/armv7-m\libc_nano.a(lib_a-reent.o)
 .ARM.attributes
                0x0000076d       0x2d c:/program files (x86)/atollic/truestudio for stm32 9.3.0/armtools/bin/../lib/gcc/arm-atollic-eabi/6.3.1/../../../../arm-atollic-eabi/lib/armv7-m\libc_nano.a(lib_a-fstatr.o)
 .ARM.attributes
                0x0000079a       0x2d c:/program files (x86)/atollic/truestudio for stm32 9.3.0/armtools/bin/../lib/gcc/arm-atollic-eabi/6.3.1/../../../../arm-atollic-eabi/lib/armv7-m\libc_nano.a(lib_a-isattyr.o)
 .ARM.attributes
                0x000007c7       0x1d c:/program files (x86)/atollic/truestudio for stm32 9.3.0/armtools/bin/../lib/gcc/arm-atollic-eabi/6.3.1/armv7-m/crtn.o
OUTPUT(AUTO_PARKING_PROJECT.elf elf32-littlearm)

.debug_line     0x00000000     0x595e
 .debug_line    0x00000000       0x78 Application\TrueSTUDIO\startup_stm32f103xb.o
 .debug_line    0x00000078      0x3bf Application\TrueSTUDIO\syscalls.o
 .debug_line    0x00000437      0x4d7 Application\User\main.o
 .debug_line    0x0000090e      0x4bf Application\User\stm32f1xx_hal_msp.o
 .debug_line    0x00000dcd      0x3a0 Application\User\stm32f1xx_it.o
 .debug_line    0x0000116d      0x33f Drivers\CMSIS\system_stm32f1xx.o
 .debug_line    0x000014ac      0x502 Drivers\STM32F1xx_HAL_Driver\stm32f1xx_hal.o
 .debug_line    0x000019ae      0x4fd Drivers\STM32F1xx_HAL_Driver\stm32f1xx_hal_cortex.o
 .debug_line    0x00001eab      0x4c2 Drivers\STM32F1xx_HAL_Driver\stm32f1xx_hal_gpio.o
 .debug_line    0x0000236d     0x1f4d Drivers\STM32F1xx_HAL_Driver\stm32f1xx_hal_i2c.o
 .debug_line    0x000042ba      0x699 Drivers\STM32F1xx_HAL_Driver\stm32f1xx_hal_rcc.o
 .debug_line    0x00004953      0x44d Drivers\STM32F1xx_HAL_Driver\stm32f1xx_hal_rcc_ex.o
 .debug_line    0x00004da0      0x3c4 External_Library\gpio_dev\gpio_dev.o
 .debug_line    0x00005164      0x3e7 External_Library\i2c_dev\i2c_dev.o
 .debug_line    0x0000554b      0x413 External_Library\lcd_i2c\lcd_i2c.o

.debug_info     0x00000000    0x10862
 .debug_info    0x00000000       0x83 Application\TrueSTUDIO\startup_stm32f103xb.o
 .debug_info    0x00000083      0xfe1 Application\TrueSTUDIO\syscalls.o
 .debug_info    0x00001064      0xe73 Application\User\main.o
 .debug_info    0x00001ed7     0x17c9 Application\User\stm32f1xx_hal_msp.o
 .debug_info    0x000036a0      0xb0a Application\User\stm32f1xx_it.o
 .debug_info    0x000041aa      0xc54 Drivers\CMSIS\system_stm32f1xx.o
 .debug_info    0x00004dfe      0xfea Drivers\STM32F1xx_HAL_Driver\stm32f1xx_hal.o
 .debug_info    0x00005de8     0x14c4 Drivers\STM32F1xx_HAL_Driver\stm32f1xx_hal_cortex.o
 .debug_info    0x000072ac      0xeae Drivers\STM32F1xx_HAL_Driver\stm32f1xx_hal_gpio.o
 .debug_info    0x0000815a     0x3cb1 Drivers\STM32F1xx_HAL_Driver\stm32f1xx_hal_i2c.o
 .debug_info    0x0000be0b     0x121e Drivers\STM32F1xx_HAL_Driver\stm32f1xx_hal_rcc.o
 .debug_info    0x0000d029      0xca8 Drivers\STM32F1xx_HAL_Driver\stm32f1xx_hal_rcc_ex.o
 .debug_info    0x0000dcd1      0xd76 External_Library\gpio_dev\gpio_dev.o
 .debug_info    0x0000ea47     0x100b External_Library\i2c_dev\i2c_dev.o
 .debug_info    0x0000fa52      0xe10 External_Library\lcd_i2c\lcd_i2c.o

.debug_abbrev   0x00000000     0x24c4
 .debug_abbrev  0x00000000       0x12 Application\TrueSTUDIO\startup_stm32f103xb.o
 .debug_abbrev  0x00000012      0x2d9 Application\TrueSTUDIO\syscalls.o
 .debug_abbrev  0x000002eb      0x25a Application\User\main.o
 .debug_abbrev  0x00000545      0x23b Application\User\stm32f1xx_hal_msp.o
 .debug_abbrev  0x00000780      0x20a Application\User\stm32f1xx_it.o
 .debug_abbrev  0x0000098a      0x1eb Drivers\CMSIS\system_stm32f1xx.o
 .debug_abbrev  0x00000b75      0x306 Drivers\STM32F1xx_HAL_Driver\stm32f1xx_hal.o
 .debug_abbrev  0x00000e7b      0x3ab Drivers\STM32F1xx_HAL_Driver\stm32f1xx_hal_cortex.o
 .debug_abbrev  0x00001226      0x26c Drivers\STM32F1xx_HAL_Driver\stm32f1xx_hal_gpio.o
 .debug_abbrev  0x00001492      0x408 Drivers\STM32F1xx_HAL_Driver\stm32f1xx_hal_i2c.o
 .debug_abbrev  0x0000189a      0x349 Drivers\STM32F1xx_HAL_Driver\stm32f1xx_hal_rcc.o
 .debug_abbrev  0x00001be3      0x277 Drivers\STM32F1xx_HAL_Driver\stm32f1xx_hal_rcc_ex.o
 .debug_abbrev  0x00001e5a      0x20a External_Library\gpio_dev\gpio_dev.o
 .debug_abbrev  0x00002064      0x222 External_Library\i2c_dev\i2c_dev.o
 .debug_abbrev  0x00002286      0x23e External_Library\lcd_i2c\lcd_i2c.o

.debug_aranges  0x00000000      0x680
 .debug_aranges
                0x00000000       0x28 Application\TrueSTUDIO\startup_stm32f103xb.o
 .debug_aranges
                0x00000028       0xb0 Application\TrueSTUDIO\syscalls.o
 .debug_aranges
                0x000000d8       0x30 Application\User\main.o
 .debug_aranges
                0x00000108       0x50 Application\User\stm32f1xx_hal_msp.o
 .debug_aranges
                0x00000158       0x48 Application\User\stm32f1xx_it.o
 .debug_aranges
                0x000001a0       0x28 Drivers\CMSIS\system_stm32f1xx.o
 .debug_aranges
                0x000001c8       0xd8 Drivers\STM32F1xx_HAL_Driver\stm32f1xx_hal.o
 .debug_aranges
                0x000002a0       0x90 Drivers\STM32F1xx_HAL_Driver\stm32f1xx_hal_cortex.o
 .debug_aranges
                0x00000330       0x58 Drivers\STM32F1xx_HAL_Driver\stm32f1xx_hal_gpio.o
 .debug_aranges
                0x00000388      0x1b0 Drivers\STM32F1xx_HAL_Driver\stm32f1xx_hal_i2c.o
 .debug_aranges
                0x00000538       0x88 Drivers\STM32F1xx_HAL_Driver\stm32f1xx_hal_rcc.o
 .debug_aranges
                0x000005c0       0x30 Drivers\STM32F1xx_HAL_Driver\stm32f1xx_hal_rcc_ex.o
 .debug_aranges
                0x000005f0       0x20 External_Library\gpio_dev\gpio_dev.o
 .debug_aranges
                0x00000610       0x28 External_Library\i2c_dev\i2c_dev.o
 .debug_aranges
                0x00000638       0x48 External_Library\lcd_i2c\lcd_i2c.o

.debug_ranges   0x00000000      0xa78
 .debug_ranges  0x00000000       0x20 Application\TrueSTUDIO\startup_stm32f103xb.o
 .debug_ranges  0x00000020       0xa0 Application\TrueSTUDIO\syscalls.o
 .debug_ranges  0x000000c0       0x20 Application\User\main.o
 .debug_ranges  0x000000e0       0xb8 Application\User\stm32f1xx_hal_msp.o
 .debug_ranges  0x00000198       0x38 Application\User\stm32f1xx_it.o
 .debug_ranges  0x000001d0       0x18 Drivers\CMSIS\system_stm32f1xx.o
 .debug_ranges  0x000001e8       0xc8 Drivers\STM32F1xx_HAL_Driver\stm32f1xx_hal.o
 .debug_ranges  0x000002b0      0x128 Drivers\STM32F1xx_HAL_Driver\stm32f1xx_hal_cortex.o
 .debug_ranges  0x000003d8       0x60 Drivers\STM32F1xx_HAL_Driver\stm32f1xx_hal_gpio.o
 .debug_ranges  0x00000438      0x4b8 Drivers\STM32F1xx_HAL_Driver\stm32f1xx_hal_i2c.o
 .debug_ranges  0x000008f0       0xa0 Drivers\STM32F1xx_HAL_Driver\stm32f1xx_hal_rcc.o
 .debug_ranges  0x00000990       0x40 Drivers\STM32F1xx_HAL_Driver\stm32f1xx_hal_rcc_ex.o
 .debug_ranges  0x000009d0       0x58 External_Library\gpio_dev\gpio_dev.o
 .debug_ranges  0x00000a28       0x18 External_Library\i2c_dev\i2c_dev.o
 .debug_ranges  0x00000a40       0x38 External_Library\lcd_i2c\lcd_i2c.o

.debug_loc      0x00000000     0x4760
 .debug_loc     0x00000000      0x3ef Application\TrueSTUDIO\syscalls.o
 .debug_loc     0x000003ef      0x108 Application\User\stm32f1xx_hal_msp.o
 .debug_loc     0x000004f7       0xcd Drivers\CMSIS\system_stm32f1xx.o
 .debug_loc     0x000005c4      0x10c Drivers\STM32F1xx_HAL_Driver\stm32f1xx_hal.o
 .debug_loc     0x000006d0      0x487 Drivers\STM32F1xx_HAL_Driver\stm32f1xx_hal_cortex.o
 .debug_loc     0x00000b57      0x2f5 Drivers\STM32F1xx_HAL_Driver\stm32f1xx_hal_gpio.o
 .debug_loc     0x00000e4c     0x2fbc Drivers\STM32F1xx_HAL_Driver\stm32f1xx_hal_i2c.o
 .debug_loc     0x00003e08      0x478 Drivers\STM32F1xx_HAL_Driver\stm32f1xx_hal_rcc.o
 .debug_loc     0x00004280      0x29d Drivers\STM32F1xx_HAL_Driver\stm32f1xx_hal_rcc_ex.o
 .debug_loc     0x0000451d       0x6e External_Library\i2c_dev\i2c_dev.o
 .debug_loc     0x0000458b      0x1d5 External_Library\lcd_i2c\lcd_i2c.o

.debug_str      0x00000000     0x2b0b
 .debug_str     0x00000000      0x767 Application\TrueSTUDIO\syscalls.o
                                0x866 (size before relaxing)
 .debug_str     0x00000767      0x3ac Application\User\main.o
                                0x98a (size before relaxing)
 .debug_str     0x00000b13      0x81e Application\User\stm32f1xx_hal_msp.o
                                0xfdb (size before relaxing)
 .debug_str     0x00001331       0xb8 Application\User\stm32f1xx_it.o
                                0x7d0 (size before relaxing)
 .debug_str     0x000013e9       0xb1 Drivers\CMSIS\system_stm32f1xx.o
                                0x78c (size before relaxing)
 .debug_str     0x0000149a      0x568 Drivers\STM32F1xx_HAL_Driver\stm32f1xx_hal.o
                                0xcaa (size before relaxing)
 .debug_str     0x00001a02      0x36d Drivers\STM32F1xx_HAL_Driver\stm32f1xx_hal_cortex.o
                                0xdcc (size before relaxing)
 .debug_str     0x00001d6f      0x172 Drivers\STM32F1xx_HAL_Driver\stm32f1xx_hal_gpio.o
                                0x91d (size before relaxing)
 .debug_str     0x00001ee1      0x8c9 Drivers\STM32F1xx_HAL_Driver\stm32f1xx_hal_i2c.o
                               0x1480 (size before relaxing)
 .debug_str     0x000027aa      0x1cb Drivers\STM32F1xx_HAL_Driver\stm32f1xx_hal_rcc.o
                                0xb06 (size before relaxing)
 .debug_str     0x00002975       0xa5 Drivers\STM32F1xx_HAL_Driver\stm32f1xx_hal_rcc_ex.o
                                0x8de (size before relaxing)
 .debug_str     0x00002a1a       0x28 External_Library\gpio_dev\gpio_dev.o
                                0x82f (size before relaxing)
 .debug_str     0x00002a42       0x5f External_Library\i2c_dev\i2c_dev.o
                                0xc4e (size before relaxing)
 .debug_str     0x00002aa1       0x6a External_Library\lcd_i2c\lcd_i2c.o
                                0x7d4 (size before relaxing)

.comment        0x00000000       0x7c
 .comment       0x00000000       0x7c Application\TrueSTUDIO\syscalls.o
                                 0x7d (size before relaxing)
 .comment       0x0000007c       0x7d Application\User\main.o
 .comment       0x0000007c       0x7d Application\User\stm32f1xx_hal_msp.o
 .comment       0x0000007c       0x7d Application\User\stm32f1xx_it.o
 .comment       0x0000007c       0x7d Drivers\CMSIS\system_stm32f1xx.o
 .comment       0x0000007c       0x7d Drivers\STM32F1xx_HAL_Driver\stm32f1xx_hal.o
 .comment       0x0000007c       0x7d Drivers\STM32F1xx_HAL_Driver\stm32f1xx_hal_cortex.o
 .comment       0x0000007c       0x7d Drivers\STM32F1xx_HAL_Driver\stm32f1xx_hal_gpio.o
 .comment       0x0000007c       0x7d Drivers\STM32F1xx_HAL_Driver\stm32f1xx_hal_i2c.o
 .comment       0x0000007c       0x7d Drivers\STM32F1xx_HAL_Driver\stm32f1xx_hal_rcc.o
 .comment       0x0000007c       0x7d Drivers\STM32F1xx_HAL_Driver\stm32f1xx_hal_rcc_ex.o
 .comment       0x0000007c       0x7d External_Library\gpio_dev\gpio_dev.o
 .comment       0x0000007c       0x7d External_Library\i2c_dev\i2c_dev.o
 .comment       0x0000007c       0x7d External_Library\lcd_i2c\lcd_i2c.o

.debug_frame    0x00000000     0x187c
 .debug_frame   0x00000000      0x1a8 Application\TrueSTUDIO\syscalls.o
 .debug_frame   0x000001a8       0x58 Application\User\main.o
 .debug_frame   0x00000200       0xb8 Application\User\stm32f1xx_hal_msp.o
 .debug_frame   0x000002b8       0xa0 Application\User\stm32f1xx_it.o
 .debug_frame   0x00000358       0x30 Drivers\CMSIS\system_stm32f1xx.o
 .debug_frame   0x00000388      0x1d4 Drivers\STM32F1xx_HAL_Driver\stm32f1xx_hal.o
 .debug_frame   0x0000055c      0x120 Drivers\STM32F1xx_HAL_Driver\stm32f1xx_hal_cortex.o
 .debug_frame   0x0000067c       0xd4 Drivers\STM32F1xx_HAL_Driver\stm32f1xx_hal_gpio.o
 .debug_frame   0x00000750      0x700 Drivers\STM32F1xx_HAL_Driver\stm32f1xx_hal_i2c.o
 .debug_frame   0x00000e50      0x150 Drivers\STM32F1xx_HAL_Driver\stm32f1xx_hal_rcc.o
 .debug_frame   0x00000fa0       0x6c Drivers\STM32F1xx_HAL_Driver\stm32f1xx_hal_rcc_ex.o
 .debug_frame   0x0000100c       0x38 External_Library\gpio_dev\gpio_dev.o
 .debug_frame   0x00001044       0x48 External_Library\i2c_dev\i2c_dev.o
 .debug_frame   0x0000108c       0x94 External_Library\lcd_i2c\lcd_i2c.o
 .debug_frame   0x00001120       0x20 c:/program files (x86)/atollic/truestudio for stm32 9.3.0/armtools/bin/../lib/gcc/arm-atollic-eabi/6.3.1/../../../../arm-atollic-eabi/lib/armv7-m\libc_nano.a(lib_a-errno.o)
 .debug_frame   0x00001140       0x2c c:/program files (x86)/atollic/truestudio for stm32 9.3.0/armtools/bin/../lib/gcc/arm-atollic-eabi/6.3.1/../../../../arm-atollic-eabi/lib/armv7-m\libc_nano.a(lib_a-init.o)
 .debug_frame   0x0000116c       0x20 c:/program files (x86)/atollic/truestudio for stm32 9.3.0/armtools/bin/../lib/gcc/arm-atollic-eabi/6.3.1/../../../../arm-atollic-eabi/lib/armv7-m\libc_nano.a(lib_a-memset.o)
 .debug_frame   0x0000118c       0x74 c:/program files (x86)/atollic/truestudio for stm32 9.3.0/armtools/bin/../lib/gcc/arm-atollic-eabi/6.3.1/../../../../arm-atollic-eabi/lib/armv7-m\libc_nano.a(lib_a-printf.o)
 .debug_frame   0x00001200      0x11c c:/program files (x86)/atollic/truestudio for stm32 9.3.0/armtools/bin/../lib/gcc/arm-atollic-eabi/6.3.1/../../../../arm-atollic-eabi/lib/armv7-m\libc_nano.a(lib_a-findfp.o)
 .debug_frame   0x0000131c       0x54 c:/program files (x86)/atollic/truestudio for stm32 9.3.0/armtools/bin/../lib/gcc/arm-atollic-eabi/6.3.1/../../../../arm-atollic-eabi/lib/armv7-m\libc_nano.a(lib_a-fwalk.o)
 .debug_frame   0x00001370       0x2c c:/program files (x86)/atollic/truestudio for stm32 9.3.0/armtools/bin/../lib/gcc/arm-atollic-eabi/6.3.1/../../../../arm-atollic-eabi/lib/armv7-m\libc_nano.a(lib_a-nano-mallocr.o)
 .debug_frame   0x0000139c       0xac c:/program files (x86)/atollic/truestudio for stm32 9.3.0/armtools/bin/../lib/gcc/arm-atollic-eabi/6.3.1/../../../../arm-atollic-eabi/lib/armv7-m\libc_nano.a(lib_a-nano-vfprintf.o)
 .debug_frame   0x00001448       0x60 c:/program files (x86)/atollic/truestudio for stm32 9.3.0/armtools/bin/../lib/gcc/arm-atollic-eabi/6.3.1/../../../../arm-atollic-eabi/lib/armv7-m\libc_nano.a(lib_a-nano-vfprintf_i.o)
 .debug_frame   0x000014a8       0x2c c:/program files (x86)/atollic/truestudio for stm32 9.3.0/armtools/bin/../lib/gcc/arm-atollic-eabi/6.3.1/../../../../arm-atollic-eabi/lib/armv7-m\libc_nano.a(lib_a-sbrkr.o)
 .debug_frame   0x000014d4       0x88 c:/program files (x86)/atollic/truestudio for stm32 9.3.0/armtools/bin/../lib/gcc/arm-atollic-eabi/6.3.1/../../../../arm-atollic-eabi/lib/armv7-m\libc_nano.a(lib_a-stdio.o)
 .debug_frame   0x0000155c       0x40 c:/program files (x86)/atollic/truestudio for stm32 9.3.0/armtools/bin/../lib/gcc/arm-atollic-eabi/6.3.1/../../../../arm-atollic-eabi/lib/armv7-m\libc_nano.a(lib_a-wbuf.o)
 .debug_frame   0x0000159c       0x2c c:/program files (x86)/atollic/truestudio for stm32 9.3.0/armtools/bin/../lib/gcc/arm-atollic-eabi/6.3.1/../../../../arm-atollic-eabi/lib/armv7-m\libc_nano.a(lib_a-writer.o)
 .debug_frame   0x000015c8       0x2c c:/program files (x86)/atollic/truestudio for stm32 9.3.0/armtools/bin/../lib/gcc/arm-atollic-eabi/6.3.1/../../../../arm-atollic-eabi/lib/armv7-m\libc_nano.a(lib_a-wsetup.o)
 .debug_frame   0x000015f4       0x2c c:/program files (x86)/atollic/truestudio for stm32 9.3.0/armtools/bin/../lib/gcc/arm-atollic-eabi/6.3.1/../../../../arm-atollic-eabi/lib/armv7-m\libc_nano.a(lib_a-closer.o)
 .debug_frame   0x00001620       0x68 c:/program files (x86)/atollic/truestudio for stm32 9.3.0/armtools/bin/../lib/gcc/arm-atollic-eabi/6.3.1/../../../../arm-atollic-eabi/lib/armv7-m\libc_nano.a(lib_a-fflush.o)
 .debug_frame   0x00001688       0x2c c:/program files (x86)/atollic/truestudio for stm32 9.3.0/armtools/bin/../lib/gcc/arm-atollic-eabi/6.3.1/../../../../arm-atollic-eabi/lib/armv7-m\libc_nano.a(lib_a-lseekr.o)
 .debug_frame   0x000016b4       0x58 c:/program files (x86)/atollic/truestudio for stm32 9.3.0/armtools/bin/../lib/gcc/arm-atollic-eabi/6.3.1/../../../../arm-atollic-eabi/lib/armv7-m\libc_nano.a(lib_a-makebuf.o)
 .debug_frame   0x0000170c       0x28 c:/program files (x86)/atollic/truestudio for stm32 9.3.0/armtools/bin/../lib/gcc/arm-atollic-eabi/6.3.1/../../../../arm-atollic-eabi/lib/armv7-m\libc_nano.a(lib_a-memchr-stub.o)
 .debug_frame   0x00001734       0x30 c:/program files (x86)/atollic/truestudio for stm32 9.3.0/armtools/bin/../lib/gcc/arm-atollic-eabi/6.3.1/../../../../arm-atollic-eabi/lib/armv7-m\libc_nano.a(lib_a-mlock.o)
 .debug_frame   0x00001764       0x38 c:/program files (x86)/atollic/truestudio for stm32 9.3.0/armtools/bin/../lib/gcc/arm-atollic-eabi/6.3.1/../../../../arm-atollic-eabi/lib/armv7-m\libc_nano.a(lib_a-nano-freer.o)
 .debug_frame   0x0000179c       0x2c c:/program files (x86)/atollic/truestudio for stm32 9.3.0/armtools/bin/../lib/gcc/arm-atollic-eabi/6.3.1/../../../../arm-atollic-eabi/lib/armv7-m\libc_nano.a(lib_a-readr.o)
 .debug_frame   0x000017c8       0x5c c:/program files (x86)/atollic/truestudio for stm32 9.3.0/armtools/bin/../lib/gcc/arm-atollic-eabi/6.3.1/../../../../arm-atollic-eabi/lib/armv7-m\libc_nano.a(lib_a-reent.o)
 .debug_frame   0x00001824       0x2c c:/program files (x86)/atollic/truestudio for stm32 9.3.0/armtools/bin/../lib/gcc/arm-atollic-eabi/6.3.1/../../../../arm-atollic-eabi/lib/armv7-m\libc_nano.a(lib_a-fstatr.o)
 .debug_frame   0x00001850       0x2c c:/program files (x86)/atollic/truestudio for stm32 9.3.0/armtools/bin/../lib/gcc/arm-atollic-eabi/6.3.1/../../../../arm-atollic-eabi/lib/armv7-m\libc_nano.a(lib_a-isattyr.o)
