rcc522.c:11:6:MFRC522_WriteRegister	0	static
rcc522.c:16:9:MFRC522_ReadRegister	0	static
rcc522.c:32:9:MFRC522_Compare	8	static
rcc522.c:40:6:MFRC522_SetBitMask	16	static
rcc522.c:44:6:MFRC522_ClearBitMask	16	static
rcc522.c:59:9:MFRC522_ToCard	40	static
rcc522.c:48:9:MFRC522_Request	32	static
rcc522.c:122:9:MFRC522_Anticoll	32	static
rcc522.c:140:6:MFRC522_CalculateCRC	24	static
rcc522.c:163:9:MFRC522_SelectTag	32	static
rcc522.c:179:9:MFRC522_Auth	32	static
rcc522.c:195:9:MFRC522_Read	24	static
rcc522.c:207:9:MFRC522_Write	48	static
rcc522.c:242:6:MFRC522_Reset	0	static
rcc522.c:246:6:MFRC522_AntennaOn	8	static
rcc522.c:228:6:MFRC522_Init	8	static
rcc522.c:253:6:MFRC522_AntennaOff	0	static
rcc522.c:257:6:MFRC522_Halt	24	static
rcc522.c:24:9:MFRC522_Check	16	static
